Archive member included to satisfy reference by file (symbol)

C:/MaximSDK/Libraries/PeriphDrivers/bin/MAX78000/spi-v1_softfp/libPeriphDriver_spi-v1_softfp.a(mxc_delay.o)
                              C:/MaximSDK/Examples/MAX78000/CNN/CarBicycle/build/main.o (MXC_Delay)
C:/MaximSDK/Libraries/PeriphDrivers/bin/MAX78000/spi-v1_softfp/libPeriphDriver_spi-v1_softfp.a(nvic_table.o)
                              C:/MaximSDK/Examples/MAX78000/CNN/CarBicycle/build/cnn.o (MXC_NVIC_SetVector)
C:/MaximSDK/Libraries/PeriphDrivers/bin/MAX78000/spi-v1_softfp/libPeriphDriver_spi-v1_softfp.a(pins_ai85.o)
                              C:/MaximSDK/Examples/MAX78000/CNN/CarBicycle/build/camera.o (gpio_cfg_pcif_xclk)
C:/MaximSDK/Libraries/PeriphDrivers/bin/MAX78000/spi-v1_softfp/libPeriphDriver_spi-v1_softfp.a(sys_ai85.o)
                              C:/MaximSDK/Examples/MAX78000/CNN/CarBicycle/build/cnn.o (MXC_SYS_ClockDisable)
C:/MaximSDK/Libraries/PeriphDrivers/bin/MAX78000/spi-v1_softfp/libPeriphDriver_spi-v1_softfp.a(aes_me17.o)
                              C:/MaximSDK/Libraries/PeriphDrivers/bin/MAX78000/spi-v1_softfp/libPeriphDriver_spi-v1_softfp.a(sys_ai85.o) (MXC_AES_Init)
C:/MaximSDK/Libraries/PeriphDrivers/bin/MAX78000/spi-v1_softfp/libPeriphDriver_spi-v1_softfp.a(aes_revb.o)
                              C:/MaximSDK/Libraries/PeriphDrivers/bin/MAX78000/spi-v1_softfp/libPeriphDriver_spi-v1_softfp.a(aes_me17.o) (MXC_AES_RevB_IsBusy)
C:/MaximSDK/Libraries/PeriphDrivers/bin/MAX78000/spi-v1_softfp/libPeriphDriver_spi-v1_softfp.a(cameraif_ai85.o)
                              C:/MaximSDK/Examples/MAX78000/CNN/CarBicycle/build/camera.o (MXC_PCIF_Init)
C:/MaximSDK/Libraries/PeriphDrivers/bin/MAX78000/spi-v1_softfp/libPeriphDriver_spi-v1_softfp.a(cameraif_reva.o)
                              C:/MaximSDK/Libraries/PeriphDrivers/bin/MAX78000/spi-v1_softfp/libPeriphDriver_spi-v1_softfp.a(cameraif_ai85.o) (MXC_PCIF_RevA_SetDatawidth)
C:/MaximSDK/Libraries/PeriphDrivers/bin/MAX78000/spi-v1_softfp/libPeriphDriver_spi-v1_softfp.a(dma_me17.o)
                              C:/MaximSDK/Examples/MAX78000/CNN/CarBicycle/build/main.o (MXC_DMA_Init)
C:/MaximSDK/Libraries/PeriphDrivers/bin/MAX78000/spi-v1_softfp/libPeriphDriver_spi-v1_softfp.a(dma_reva.o)
                              C:/MaximSDK/Libraries/PeriphDrivers/bin/MAX78000/spi-v1_softfp/libPeriphDriver_spi-v1_softfp.a(dma_me17.o) (MXC_DMA_RevA_Init)
C:/MaximSDK/Libraries/PeriphDrivers/bin/MAX78000/spi-v1_softfp/libPeriphDriver_spi-v1_softfp.a(flc_me17.o)
                              C:/MaximSDK/Libraries/PeriphDrivers/bin/MAX78000/spi-v1_softfp/libPeriphDriver_spi-v1_softfp.a(sys_ai85.o) (MXC_FLC_UnlockInfoBlock)
C:/MaximSDK/Libraries/PeriphDrivers/bin/MAX78000/spi-v1_softfp/libPeriphDriver_spi-v1_softfp.a(flc_reva.o)
                              C:/MaximSDK/Libraries/PeriphDrivers/bin/MAX78000/spi-v1_softfp/libPeriphDriver_spi-v1_softfp.a(flc_me17.o) (MXC_FLC_RevA_Busy)
C:/MaximSDK/Libraries/PeriphDrivers/bin/MAX78000/spi-v1_softfp/libPeriphDriver_spi-v1_softfp.a(gpio_ai85.o)
                              C:/MaximSDK/Examples/MAX78000/CNN/CarBicycle/build/pb.o (MXC_GPIO_InGet)
C:/MaximSDK/Libraries/PeriphDrivers/bin/MAX78000/spi-v1_softfp/libPeriphDriver_spi-v1_softfp.a(gpio_reva.o)
                              C:/MaximSDK/Libraries/PeriphDrivers/bin/MAX78000/spi-v1_softfp/libPeriphDriver_spi-v1_softfp.a(gpio_ai85.o) (MXC_GPIO_RevA_InGet)
C:/MaximSDK/Libraries/PeriphDrivers/bin/MAX78000/spi-v1_softfp/libPeriphDriver_spi-v1_softfp.a(icc_me17.o)
                              C:/MaximSDK/Examples/MAX78000/CNN/CarBicycle/build/main.o (MXC_ICC_Enable)
C:/MaximSDK/Libraries/PeriphDrivers/bin/MAX78000/spi-v1_softfp/libPeriphDriver_spi-v1_softfp.a(icc_reva.o)
                              C:/MaximSDK/Libraries/PeriphDrivers/bin/MAX78000/spi-v1_softfp/libPeriphDriver_spi-v1_softfp.a(icc_me17.o) (MXC_ICC_RevA_ID)
C:/MaximSDK/Libraries/PeriphDrivers/bin/MAX78000/spi-v1_softfp/libPeriphDriver_spi-v1_softfp.a(pt_ai85.o)
                              C:/MaximSDK/Examples/MAX78000/CNN/CarBicycle/build/camera.o (MXC_PT_Init)
C:/MaximSDK/Libraries/PeriphDrivers/bin/MAX78000/spi-v1_softfp/libPeriphDriver_spi-v1_softfp.a(pt_reva.o)
                              C:/MaximSDK/Libraries/PeriphDrivers/bin/MAX78000/spi-v1_softfp/libPeriphDriver_spi-v1_softfp.a(pt_ai85.o) (MXC_PT_RevA_Init)
C:/MaximSDK/Libraries/PeriphDrivers/bin/MAX78000/spi-v1_softfp/libPeriphDriver_spi-v1_softfp.a(spi_me17.o)
                              C:/MaximSDK/Examples/MAX78000/CNN/CarBicycle/build/board.o (MXC_SPI_Init)
C:/MaximSDK/Libraries/PeriphDrivers/bin/MAX78000/spi-v1_softfp/libPeriphDriver_spi-v1_softfp.a(spi_reva1.o)
                              C:/MaximSDK/Libraries/PeriphDrivers/bin/MAX78000/spi-v1_softfp/libPeriphDriver_spi-v1_softfp.a(spi_me17.o) (MXC_SPI_RevA1_Init)
C:/MaximSDK/Libraries/PeriphDrivers/bin/MAX78000/spi-v1_softfp/libPeriphDriver_spi-v1_softfp.a(trng_revb.o)
[...]
Memory Configuration

Name             Origin             Length             Attributes
ROM              0x00000000         0x00010000         xr
FLASH            0x10000000         0x00080000         xr
SRAM             0x20000000         0x00020000         xrw
*default*        0x00000000         0xffffffff

Linker script and memory map

LOAD C:/Program Files (x86)/Arm GNU Toolchain arm-none-eabi/14.3 rel1/bin/../lib/gcc/arm-none-eabi/14.3.1/thumb/v7e-m+fp/softfp/crti.o
LOAD C:/Program Files (x86)/Arm GNU Toolchain arm-none-eabi/14.3 rel1/bin/../lib/gcc/arm-none-eabi/14.3.1/thumb/v7e-m+fp/softfp/crtbegin.o
LOAD C:/Program Files (x86)/Arm GNU Toolchain arm-none-eabi/14.3 rel1/bin/../lib/gcc/arm-none-eabi/14.3.1/../../../../arm-none-eabi/lib/thumb/v7e-m+fp/softfp/crt0.o
LOAD C:/MaximSDK/Examples/MAX78000/CNN/CarBicycle/build/cnn.o
LOAD C:/MaximSDK/Examples/MAX78000/CNN/CarBicycle/build/main.o
LOAD C:/MaximSDK/Examples/MAX78000/CNN/CarBicycle/build/softmax.o
LOAD C:/MaximSDK/Examples/MAX78000/CNN/CarBicycle/build/board.o
LOAD C:/MaximSDK/Examples/MAX78000/CNN/CarBicycle/build/stdio.o
LOAD C:/MaximSDK/Examples/MAX78000/CNN/CarBicycle/build/led.o
LOAD C:/MaximSDK/Examples/MAX78000/CNN/CarBicycle/build/pb.o
LOAD C:/MaximSDK/Examples/MAX78000/CNN/CarBicycle/build/tft_ssd2119.o
LOAD C:/MaximSDK/Examples/MAX78000/CNN/CarBicycle/build/tsc2046.o
LOAD C:/MaximSDK/Examples/MAX78000/CNN/CarBicycle/build/camera.o
LOAD C:/MaximSDK/Examples/MAX78000/CNN/CarBicycle/build/ov7692.o
LOAD C:/MaximSDK/Examples/MAX78000/CNN/CarBicycle/build/sccb.o
LOAD C:/MaximSDK/Examples/MAX78000/CNN/CarBicycle/build/startup_max78000.o
LOAD C:/MaximSDK/Examples/MAX78000/CNN/CarBicycle/build/heap.o
LOAD C:/MaximSDK/Examples/MAX78000/CNN/CarBicycle/build/system_max78000.o
START GROUP
LOAD C:/MaximSDK/Libraries/PeriphDrivers/bin/MAX78000/spi-v1_softfp/libPeriphDriver_spi-v1_softfp.a
LOAD C:/Program Files (x86)/Arm GNU Toolchain arm-none-eabi/14.3 rel1/bin/../lib/gcc/arm-none-eabi/14.3.1/../../../../arm-none-eabi/lib/thumb/v7e-m+fp/softfp\libc.a
LOAD C:/Program Files (x86)/Arm GNU Toolchain arm-none-eabi/14.3 rel1/bin/../lib/gcc/arm-none-eabi/14.3.1/../../../../arm-none-eabi/lib/thumb/v7e-m+fp/softfp\libm.a
LOAD C:/Program Files (x86)/Arm GNU Toolchain arm-none-eabi/14.3 rel1/bin/../lib/gcc/arm-none-eabi/14.3.1/../../../../arm-none-eabi/lib/thumb/v7e-m+fp/softfp\libnosys.a
END GROUP
START GROUP
LOAD C:/Program Files (x86)/Arm GNU Toolchain arm-none-eabi/14.3 rel1/bin/../lib/gcc/arm-none-eabi/14.3.1/thumb/v7e-m+fp/softfp\libgcc.a
LOAD C:/Program Files (x86)/Arm GNU Toolchain arm-none-eabi/14.3 rel1/bin/../lib/gcc/arm-none-eabi/14.3.1/../../../../arm-none-eabi/lib/thumb/v7e-m+fp/softfp\libc.a
END GROUP
LOAD C:/Program Files (x86)/Arm GNU Toolchain arm-none-eabi/14.3 rel1/bin/../lib/gcc/arm-none-eabi/14.3.1/thumb/v7e-m+fp/softfp/crtend.o
LOAD C:/Program Files (x86)/Arm GNU Toolchain arm-none-eabi/14.3 rel1/bin/../lib/gcc/arm-none-eabi/14.3.1/thumb/v7e-m+fp/softfp/crtn.o

.rom
 *(.rom_vector)
 *(.rom_handlers*)

.text           0x10000000    0x1dd18
                0x10000000                        _text = .
 *(.isr_vector)
 .isr_vector    0x10000000      0x1e0 C:/MaximSDK/Examples/MAX78000/CNN/CarBicycle/build/startup_max78000.o
                0x10000000                __isr_vector
 EXCLUDE_FILE(*riscv.o) *(.text*)
 .text.deregister_tm_clones
                0x100001e0       0x1c C:/Program Files (x86)/Arm GNU Toolchain arm-none-eabi/14.3 rel1/bin/../lib/gcc/arm-none-eabi/14.3.1/thumb/v7e-m+fp/softfp/crtbegin.o
 .text.register_tm_clones
                0x100001fc       0x24 C:/Program Files (x86)/Arm GNU Toolchain arm-none-eabi/14.3 rel1/bin/../lib/gcc/arm-none-eabi/14.3.1/thumb/v7e-m+fp/softfp/crtbegin.o
 .text.__do_global_dtors_aux
                0x10000220       0x28 C:/Program Files (x86)/Arm GNU Toolchain arm-none-eabi/14.3 rel1/bin/../lib/gcc/arm-none-eabi/14.3.1/thumb/v7e-m+fp/softfp/crtbegin.o
 .text.frame_dummy
                0x10000248       0x24 C:/Program Files (x86)/Arm GNU Toolchain arm-none-eabi/14.3 rel1/bin/../lib/gcc/arm-none-eabi/14.3.1/thumb/v7e-m+fp/softfp/crtbegin.o
 .text.CNN_ISR  0x1000026c       0x50 C:/MaximSDK/Examples/MAX78000/CNN/CarBicycle/build/cnn.o
                0x1000026c                CNN_ISR
 .text.cnn_load_weights
                0x100002bc       0x50 C:/MaximSDK/Examples/MAX78000/CNN/CarBicycle/build/cnn.o
                0x100002bc                cnn_load_weights
 .text.cnn_load_bias
                0x1000030c       0x14 C:/MaximSDK/Examples/MAX78000/CNN/CarBicycle/build/cnn.o
                0x1000030c                cnn_load_bias
 .text.cnn_init
                0x10000320       0x54 C:/MaximSDK/Examples/MAX78000/CNN/CarBicycle/build/cnn.o
                0x10000320                cnn_init
 .text.cnn_configure
                0x10000374      0x7d4 C:/MaximSDK/Examples/MAX78000/CNN/CarBicycle/build/cnn.o
                0x10000374                cnn_configure
 .text.cnn_start
                0x10000b48       0x50 C:/MaximSDK/Examples/MAX78000/CNN/CarBicycle/build/cnn.o
                0x10000b48                cnn_start
 .text.cnn_unload
                0x10000b98       0x14 C:/MaximSDK/Examples/MAX78000/CNN/CarBicycle/build/cnn.o
                0x10000b98                cnn_unload
 .text.cnn_enable
                0x10000bac       0x3c C:/MaximSDK/Examples/MAX78000/CNN/CarBicycle/build/cnn.o
                0x10000bac                cnn_enable
 .text.asciiart
                0x10000be8       0xc0 C:/MaximSDK/Examples/MAX78000/CNN/CarBicycle/build/main.o
                0x10000be8                asciiart
 .text.capture_process_camera
                0x10000ca8      0x138 C:/MaximSDK/Examples/MAX78000/CNN/CarBicycle/build/main.o
                0x10000ca8                capture_process_camera
 .text.print_classification
                0x10000de0       0x90 C:/MaximSDK/Examples/MAX78000/CNN/CarBicycle/build/main.o
                0x10000de0                print_classification
 .text.startup.main
                0x10000e70       0xf8 C:/MaximSDK/Examples/MAX78000/CNN/CarBicycle/build/main.o
                0x10000e70                main
 .text.softmax_q17p14_q15
                0x10000f68       0xb0 C:/MaximSDK/Examples/MAX78000/CNN/CarBicycle/build/softmax.o
                0x10000f68                softmax_q17p14_q15
 .text.mxc_assert
                0x10001018       0x10 C:/MaximSDK/Examples/MAX78000/CNN/CarBicycle/build/board.o
                0x10001018                mxc_assert
 .text.GPIO2_IRQHandler
                0x10001028        0x8 C:/MaximSDK/Examples/MAX78000/CNN/CarBicycle/build/board.o
                0x10001028                GPIO2_IRQHandler
 .text.GPIO0_IRQHandler
                0x10001030        0x8 C:/MaximSDK/Examples/MAX78000/CNN/CarBicycle/build/board.o
                0x10001030                GPIO0_IRQHandler
 .text.Board_Init
                0x10001038       0xec C:/MaximSDK/Examples/MAX78000/CNN/CarBicycle/build/board.o
                0x10001038                Board_Init
 .text.NMI_Handler
                0x10001124        0x4 C:/MaximSDK/Examples/MAX78000/CNN/CarBicycle/build/board.o
                0x10001124                NMI_Handler
 .text.Camera_Power
                0x10001128        0x8 C:/MaximSDK/Examples/MAX78000/CNN/CarBicycle/build/board.o
                0x10001128                Camera_Power
 .text._close   0x10001130        0x8 C:/MaximSDK/Examples/MAX78000/CNN/CarBicycle/build/stdio.o
                0x10001130                _close
 .text._isatty  0x10001138        0x8 C:/MaximSDK/Examples/MAX78000/CNN/CarBicycle/build/stdio.o
                0x10001138                _isatty
 .text._lseek   0x10001140        0x8 C:/MaximSDK/Examples/MAX78000/CNN/CarBicycle/build/stdio.o
                0x10001140                _lseek
 .text._fstat   0x10001148        0x8 C:/MaximSDK/Examples/MAX78000/CNN/CarBicycle/build/stdio.o
                0x10001148                _fstat
 .text._read    0x10001150       0x50 C:/MaximSDK/Examples/MAX78000/CNN/CarBicycle/build/stdio.o
                0x10001150                _read
 .text._write   0x100011a0       0x54 C:/MaximSDK/Examples/MAX78000/CNN/CarBicycle/build/stdio.o
                0x100011a0                _write
 .text.LED_Init
                0x100011f4       0x40 C:/MaximSDK/Examples/MAX78000/CNN/CarBicycle/build/led.o
                0x100011f4                LED_Init
 .text.LED_On   0x10001234       0x40 C:/MaximSDK/Examples/MAX78000/CNN/CarBicycle/build/led.o
                0x10001234                LED_On
 .text.LED_Off  0x10001274       0x40 C:/MaximSDK/Examples/MAX78000/CNN/CarBicycle/build/led.o
                0x10001274                LED_Off
 .text.PB_Init  0x100012b4       0x60 C:/MaximSDK/Examples/MAX78000/CNN/CarBicycle/build/pb.o
                0x100012b4                PB_Init
 .text.MXC_TFT_PreInit
                0x10001314       0x74 C:/MaximSDK/Examples/MAX78000/CNN/CarBicycle/build/tft_ssd2119.o
                0x10001314                MXC_TFT_PreInit
 .text.MXC_TS_PreInit
                0x10001388       0x40 C:/MaximSDK/Examples/MAX78000/CNN/CarBicycle/build/tsc2046.o
                0x10001388                MXC_TS_PreInit
 .text.camera_irq_handler
                0x100013c8      0x158 C:/MaximSDK/Examples/MAX78000/CNN/CarBicycle/build/camera.o
                0x100013c8                camera_irq_handler
 .text.stream_callback
                0x10001520       0xa0 C:/MaximSDK/Examples/MAX78000/CNN/CarBicycle/build/camera.o
 .text.setup_dma
                0x100015c0       0x94 C:/MaximSDK/Examples/MAX78000/CNN/CarBicycle/build/camera.o
 .text.stream_irq_handler
                0x10001654        0x4 C:/MaximSDK/Examples/MAX78000/CNN/CarBicycle/build/camera.o
                0x10001654                stream_irq_handler
 .text.camera_init
                0x10001658      0x130 C:/MaximSDK/Examples/MAX78000/CNN/CarBicycle/build/camera.o
                0x10001658                camera_init
 .text.camera_setup
                0x10001788      0x230 C:/MaximSDK/Examples/MAX78000/CNN/CarBicycle/build/camera.o
                0x10001788                camera_setup
 .text.camera_write_reg
                0x100019b8        0xc C:/MaximSDK/Examples/MAX78000/CNN/CarBicycle/build/camera.o
                0x100019b8                camera_write_reg
 .text.camera_start_capture_image
                0x100019c4       0x3c C:/MaximSDK/Examples/MAX78000/CNN/CarBicycle/build/camera.o
                0x100019c4                camera_start_capture_image
 .text.camera_is_image_rcv
                0x10001a00       0x10 C:/MaximSDK/Examples/MAX78000/CNN/CarBicycle/build/camera.o
                0x10001a00                camera_is_image_rcv
 .text.camera_get_image
                0x10001a10       0x3c C:/MaximSDK/Examples/MAX78000/CNN/CarBicycle/build/camera.o
                0x10001a10                camera_get_image
 .text.get_camera_stream_buffer
                0x10001a4c        0xc C:/MaximSDK/Examples/MAX78000/CNN/CarBicycle/build/camera.o
                0x10001a4c                get_camera_stream_buffer
 .text.release_camera_stream_buffer
                0x10001a58        0xc C:/MaximSDK/Examples/MAX78000/CNN/CarBicycle/build/camera.o
                0x10001a58                release_camera_stream_buffer
 .text.get_camera_stream_statistic
                0x10001a64        0x8 C:/MaximSDK/Examples/MAX78000/CNN/CarBicycle/build/camera.o
                0x10001a64                get_camera_stream_statistic
 .text.init     0x10001a6c       0x10 C:/MaximSDK/Examples/MAX78000/CNN/CarBicycle/build/ov7692.o
 .text.get_slave_address
                0x10001a7c        0xc C:/MaximSDK/Examples/MAX78000/CNN/CarBicycle/build/ov7692.o
 .text.get_pixformat
                0x10001a88       0x10 C:/MaximSDK/Examples/MAX78000/CNN/CarBicycle/build/ov7692.o
 .text.set_saturation
                0x10001a98        0x4 C:/MaximSDK/Examples/MAX78000/CNN/CarBicycle/build/ov7692.o
 .text.get_luminance
                0x10001a9c       0x60 C:/MaximSDK/Examples/MAX78000/CNN/CarBicycle/build/ov7692.o
 .text.read_reg
                0x10001afc       0x20 C:/MaximSDK/Examples/MAX78000/CNN/CarBicycle/build/ov7692.o
 .text.get_manufacture_id
                0x10001b1c       0x3c C:/MaximSDK/Examples/MAX78000/CNN/CarBicycle/build/ov7692.o
 .text.get_product_id
                0x10001b58       0x3c C:/MaximSDK/Examples/MAX78000/CNN/CarBicycle/build/ov7692.o
 .text.set_negateimage
                0x10001b94       0x64 C:/MaximSDK/Examples/MAX78000/CNN/CarBicycle/build/ov7692.o
 .text.set_vflip
                0x10001bf8       0x3c C:/MaximSDK/Examples/MAX78000/CNN/CarBicycle/build/ov7692.o
 .text.set_hmirror
                0x10001c34       0x3c C:/MaximSDK/Examples/MAX78000/CNN/CarBicycle/build/ov7692.o
 .text.set_colorbar
                0x10001c70       0x3c C:/MaximSDK/Examples/MAX78000/CNN/CarBicycle/build/ov7692.o
 .text.set_gainceiling
                0x10001cac       0xa0 C:/MaximSDK/Examples/MAX78000/CNN/CarBicycle/build/ov7692.o
 .text.set_brightness
                0x10001d4c       0xa8 C:/MaximSDK/Examples/MAX78000/CNN/CarBicycle/build/ov7692.o
 .text.set_contrast
                0x10001df4       0xa0 C:/MaximSDK/Examples/MAX78000/CNN/CarBicycle/build/ov7692.o
 .text.set_windowing
                0x10001e94       0xf8 C:/MaximSDK/Examples/MAX78000/CNN/CarBicycle/build/ov7692.o
 .text.set_framesize
                0x10001f8c       0xb0 C:/MaximSDK/Examples/MAX78000/CNN/CarBicycle/build/ov7692.o
 .text.set_pixformat
                0x1000203c       0x54 C:/MaximSDK/Examples/MAX78000/CNN/CarBicycle/build/ov7692.o
 .text.write_reg
                0x10002090       0x18 C:/MaximSDK/Examples/MAX78000/CNN/CarBicycle/build/ov7692.o
 .text.sleep    0x100020a8       0x3c C:/MaximSDK/Examples/MAX78000/CNN/CarBicycle/build/ov7692.o
 .text.reset    0x100020e4       0x60 C:/MaximSDK/Examples/MAX78000/CNN/CarBicycle/build/ov7692.o
 .text.dump_registers
                0x10002144       0x8c C:/MaximSDK/Examples/MAX78000/CNN/CarBicycle/build/ov7692.o
 .text.sensor_register
                0x100021d0       0xbc C:/MaximSDK/Examples/MAX78000/CNN/CarBicycle/build/ov7692.o
                0x100021d0                sensor_register
 .text.send_byte
                0x1000228c       0x68 C:/MaximSDK/Examples/MAX78000/CNN/CarBicycle/build/sccb.o
 .text.get_byte
                0x100022f4       0x50 C:/MaximSDK/Examples/MAX78000/CNN/CarBicycle/build/sccb.o
 .text.sccb_init
                0x10002344       0x30 C:/MaximSDK/Examples/MAX78000/CNN/CarBicycle/build/sccb.o
                0x10002344                sccb_init
 .text.sccb_read_byt
                0x10002374      0x110 C:/MaximSDK/Examples/MAX78000/CNN/CarBicycle/build/sccb.o
                0x10002374                sccb_read_byt
 .text.sccb_write_byt
                0x10002484       0xa8 C:/MaximSDK/Examples/MAX78000/CNN/CarBicycle/build/sccb.o
                0x10002484                sccb_write_byt
 .text          0x1000252c      0x148 C:/MaximSDK/Examples/MAX78000/CNN/CarBicycle/build/startup_max78000.o
                0x1000252c                Reset_Handler
                0x1000256a                HardFault_Handler
                0x1000256c                MemManage_Handler
                0x1000256e                BusFault_Handler
                0x10002570                UsageFault_Handler
                0x10002572                SVC_Handler
                0x10002574                DebugMon_Handler
                0x10002576                PendSV_Handler
                0x10002578                SysTick_Handler
                0x1000257a                Default_Handler
                0x1000257c                PF_IRQHandler
                0x1000257e                WDT0_IRQHandler
                0x10002580                RSV02_IRQHandler
                0x10002582                RTC_IRQHandler
                0x10002584                TRNG_IRQHandler
                0x10002586                TMR0_IRQHandler
                0x10002588                TMR1_IRQHandler
                0x1000258a                TMR2_IRQHandler
                0x1000258c                TMR3_IRQHandler
                0x1000258e                TMR4_IRQHandler
                0x10002590                TMR5_IRQHandler
                0x10002592                RSV11_IRQHandler
                0x10002594                RSV12_IRQHandler
                0x10002596                I2C0_IRQHandler
                0x10002598                UART0_IRQHandler
                0x1000259a                UART1_IRQHandler
                0x1000259c                SPI1_IRQHandler
                0x1000259e                RSV17_IRQHandler
                0x100025a0                RSV18_IRQHandler
                0x100025a2                RSV19_IRQHandler
                0x100025a4                ADC_IRQHandler
                0x100025a6                RSV21_IRQHandler
                0x100025a8                RSV22_IRQHandler
                0x100025aa                FLC0_IRQHandler
                0x100025ae                GPIO1_IRQHandler
                0x100025b2                RSV27_IRQHandler
                0x100025b4                DMA0_IRQHandler
                0x100025b6                DMA1_IRQHandler
                0x100025b8                DMA2_IRQHandler
                0x100025ba                DMA3_IRQHandler
                0x100025bc                RSV32_IRQHandler
                0x100025be                RSV33_IRQHandler
                0x100025c0                UART2_IRQHandler
                0x100025c2                RSV35_IRQHandler
                0x100025c4                I2C1_IRQHandler
                0x100025c6                RSV37_IRQHandler
                0x100025c8                RSV38_IRQHandler
                0x100025ca                RSV39_IRQHandler
                0x100025cc                RSV40_IRQHandler
                0x100025ce                RSV41_IRQHandler
                0x100025d0                RSV42_IRQHandler
                0x100025d2                RSV43_IRQHandler
                0x100025d4                RSV44_IRQHandler
                0x100025d6                RSV45_IRQHandler
                0x100025d8                RSV46_IRQHandler
                0x100025da                RSV47_IRQHandler
                0x100025dc                RSV48_IRQHandler
                0x100025de                RSV49_IRQHandler
                0x100025e0                RSV50_IRQHandler
                0x100025e2                RSV51_IRQHandler
                0x100025e4                RSV52_IRQHandler
                0x100025e6                WUT_IRQHandler
                0x100025e8                GPIOWAKE_IRQHandler
                0x100025ea                RSV55_IRQHandler
                0x100025ec                SPI0_IRQHandler
                0x100025ee                WDT1_IRQHandler
                0x100025f0                RSV58_IRQHandler
                0x100025f2                PT_IRQHandler
                0x100025f4                RSV60_IRQHandler
                0x100025f6                RSV61_IRQHandler
                0x100025f8                I2C2_IRQHandler
                0x100025fa                RISCV_IRQHandler
                0x100025fc                RSV64_IRQHandler
                0x100025fe                RSV65_IRQHandler
                0x10002600                RSV66_IRQHandler
                0x10002602                OWM_IRQHandler
                0x10002604                RSV68_IRQHandler
                0x10002606                RSV69_IRQHandler
                0x10002608                RSV70_IRQHandler
                0x1000260a                RSV71_IRQHandler
                0x1000260c                RSV72_IRQHandler
                0x1000260e                RSV73_IRQHandler
                0x10002610                RSV74_IRQHandler
                0x10002612                RSV75_IRQHandler
                0x10002614                RSV76_IRQHandler
                0x10002616                RSV77_IRQHandler
                0x10002618                RSV78_IRQHandler
                0x1000261a                RSV79_IRQHandler
                0x1000261c                RSV80_IRQHandler
                0x1000261e                RSV81_IRQHandler
                0x10002620                ECC_IRQHandler
                0x10002622                DVS_IRQHandler
                0x10002624                SIMO_IRQHandler
                0x10002626                RSV85_IRQHandler
                0x10002628                RSV86_IRQHandler
                0x1000262a                RSV87_IRQHandler
                0x1000262c                UART3_IRQHandler
                0x1000262e                RSV89_IRQHandler
                0x10002630                RSV90_IRQHandler
                0x10002632                PCIF_IRQHandler
                0x10002634                RSV92_IRQHandler
                0x10002636                RSV93_IRQHandler
                0x10002638                RSV94_IRQHandler
                0x1000263a                RSV95_IRQHandler
                0x1000263c                RSV96_IRQHandler
                0x1000263e                AES_IRQHandler
                0x10002640                RSV98_IRQHandler
                0x10002642                I2S_IRQHandler
                0x10002644                CNN_FIFO_IRQHandler
                0x10002646                CNN_IRQHandler
                0x10002648                RSV102_IRQHandler
                0x1000264a                LPCMP_IRQHandler
 .text._sbrk    0x10002674       0x3c C:/MaximSDK/Examples/MAX78000/CNN/CarBicycle/build/heap.o
                0x10002674                _sbrk
 .text._getpid  0x100026b0        0x8 C:/MaximSDK/Examples/MAX78000/CNN/CarBicycle/build/system_max78000.o
                0x100026b0                _getpid
 .text._kill    0x100026b8        0x8 C:/MaximSDK/Examples/MAX78000/CNN/CarBicycle/build/system_max78000.o
                0x100026b8                _kill
 .text.SystemCoreClockUpdate
                0x100026c0       0x68 C:/MaximSDK/Examples/MAX78000/CNN/CarBicycle/build/system_max78000.o
                0x100026c0                SystemCoreClockUpdate
 .text.PreInit  0x10002728        0x4 C:/MaximSDK/Examples/MAX78000/CNN/CarBicycle/build/system_max78000.o
                0x10002728                PreInit
 .text.PinInit  0x1000272c        0x4 C:/MaximSDK/Examples/MAX78000/CNN/CarBicycle/build/system_max78000.o
                0x1000272c                PinInit
 .text.SystemInit
                0x10002730       0x3c C:/MaximSDK/Examples/MAX78000/CNN/CarBicycle/build/system_max78000.o
                0x10002730                SystemInit
 .text.MXC_DelayInit
                0x1000276c       0x84 C:/MaximSDK/Libraries/PeriphDrivers/bin/MAX78000/spi-v1_softfp/libPeriphDriver_spi-v1_softfp.a(mxc_delay.o)
 .text.MXC_DelayAsync
                0x100027f0       0x44 C:/MaximSDK/Libraries/PeriphDrivers/bin/MAX78000/spi-v1_softfp/libPeriphDriver_spi-v1_softfp.a(mxc_delay.o)
                0x100027f0                MXC_DelayAsync
 .text.MXC_DelayAbort
                0x10002834       0x34 C:/MaximSDK/Libraries/PeriphDrivers/bin/MAX78000/spi-v1_softfp/libPeriphDriver_spi-v1_softfp.a(mxc_delay.o)
                0x10002834                MXC_DelayAbort
 .text.MXC_DelayCheck
                0x10002868       0x64 C:/MaximSDK/Libraries/PeriphDrivers/bin/MAX78000/spi-v1_softfp/libPeriphDriver_spi-v1_softfp.a(mxc_delay.o)
                0x10002868                MXC_DelayCheck
 .text.MXC_Delay
                0x100028cc       0x58 C:/MaximSDK/Libraries/PeriphDrivers/bin/MAX78000/spi-v1_softfp/libPeriphDriver_spi-v1_softfp.a(mxc_delay.o)
                0x100028cc                MXC_Delay
 .text.__NVIC_EnableIRQ
                0x10002924       0x1c C:/MaximSDK/Libraries/PeriphDrivers/bin/MAX78000/spi-v1_softfp/libPeriphDriver_spi-v1_softfp.a(nvic_table.o)
 .text.NVIC_SetRAM
                0x10002940       0x24 C:/MaximSDK/Libraries/PeriphDrivers/bin/MAX78000/spi-v1_softfp/libPeriphDriver_spi-v1_softfp.a(nvic_table.o)
                0x10002940                NVIC_SetRAM
 .text.MXC_NVIC_SetVector
                0x10002964       0x30 C:/MaximSDK/Libraries/PeriphDrivers/bin/MAX78000/spi-v1_softfp/libPeriphDriver_spi-v1_softfp.a(nvic_table.o)
                0x10002964                MXC_NVIC_SetVector
 .text.MXC_SYS_IsClockEnabled
                0x10002994       0x54 C:/MaximSDK/Libraries/PeriphDrivers/bin/MAX78000/spi-v1_softfp/libPeriphDriver_spi-v1_softfp.a(sys_ai85.o)
                0x10002994                MXC_SYS_IsClockEnabled
 .text.MXC_SYS_ClockDisable
                0x100029e8       0x44 C:/MaximSDK/Libraries/PeriphDrivers/bin/MAX78000/spi-v1_softfp/libPeriphDriver_spi-v1_softfp.a(sys_ai85.o)
                0x100029e8                MXC_SYS_ClockDisable
 .text.MXC_SYS_ClockEnable
                0x10002a2c       0x48 C:/MaximSDK/Libraries/PeriphDrivers/bin/MAX78000/spi-v1_softfp/libPeriphDriver_spi-v1_softfp.a(sys_ai85.o)
                0x10002a2c                MXC_SYS_ClockEnable
 .text.MXC_SYS_Clock_Timeout
                0x10002a74       0x30 C:/MaximSDK/Libraries/PeriphDrivers/bin/MAX78000/spi-v1_softfp/libPeriphDriver_spi-v1_softfp.a(sys_ai85.o)
                0x10002a74                MXC_SYS_Clock_Timeout
 .text.MXC_SYS_ClockSourceEnable
                0x10002aa4       0x88 C:/MaximSDK/Libraries/PeriphDrivers/bin/MAX78000/spi-v1_softfp/libPeriphDriver_spi-v1_softfp.a(sys_ai85.o)
                0x10002aa4                MXC_SYS_ClockSourceEnable
 .text.MXC_SYS_Clock_Select
                0x10002b2c      0x160 C:/MaximSDK/Libraries/PeriphDrivers/bin/MAX78000/spi-v1_softfp/libPeriphDriver_spi-v1_softfp.a(sys_ai85.o)
                0x10002b2c                MXC_SYS_Clock_Select
 .text.MXC_SYS_Reset_Periph
                0x10002c8c       0x54 C:/MaximSDK/Libraries/PeriphDrivers/bin/MAX78000/spi-v1_softfp/libPeriphDriver_spi-v1_softfp.a(sys_ai85.o)
                0x10002c8c                MXC_SYS_Reset_Periph
 .text.MXC_PCIF_Init
                0x10002ce0       0x74 C:/MaximSDK/Libraries/PeriphDrivers/bin/MAX78000/spi-v1_softfp/libPeriphDriver_spi-v1_softfp.a(cameraif_ai85.o)
                0x10002ce0                MXC_PCIF_Init
 .text.MXC_PCIF_SetDataWidth
                0x10002d54       0x10 C:/MaximSDK/Libraries/PeriphDrivers/bin/MAX78000/spi-v1_softfp/libPeriphDriver_spi-v1_softfp.a(cameraif_ai85.o)
                0x10002d54                MXC_PCIF_SetDataWidth
 .text.MXC_PCIF_SetTimingSel
                0x10002d64       0x10 C:/MaximSDK/Libraries/PeriphDrivers/bin/MAX78000/spi-v1_softfp/libPeriphDriver_spi-v1_softfp.a(cameraif_ai85.o)
                0x10002d64                MXC_PCIF_SetTimingSel
 .text.MXC_PCIF_SetThreshold
                0x10002d74       0x10 C:/MaximSDK/Libraries/PeriphDrivers/bin/MAX78000/spi-v1_softfp/libPeriphDriver_spi-v1_softfp.a(cameraif_ai85.o)
                0x10002d74                MXC_PCIF_SetThreshold
 .text.MXC_PCIF_EnableInt
                0x10002d84       0x10 C:/MaximSDK/Libraries/PeriphDrivers/bin/MAX78000/spi-v1_softfp/libPeriphDriver_spi-v1_softfp.a(cameraif_ai85.o)
                0x10002d84                MXC_PCIF_EnableInt
 .text.MXC_PCIF_DisableInt
                0x10002d94       0x10 C:/MaximSDK/Libraries/PeriphDrivers/bin/MAX78000/spi-v1_softfp/libPeriphDriver_spi-v1_softfp.a(cameraif_ai85.o)
                0x10002d94                MXC_PCIF_DisableInt
 .text.MXC_PCIF_Start
                0x10002da4       0x10 C:/MaximSDK/Libraries/PeriphDrivers/bin/MAX78000/spi-v1_softfp/libPeriphDriver_spi-v1_softfp.a(cameraif_ai85.o)
                0x10002da4                MXC_PCIF_Start
 .text.MXC_PCIF_RevA_SetDatawidth
                0x10002db4       0x12 C:/MaximSDK/Libraries/PeriphDrivers/bin/MAX78000/spi-v1_softfp/libPeriphDriver_spi-v1_softfp.a(cameraif_reva.o)
                0x10002db4                MXC_PCIF_RevA_SetDatawidth
 .text.MXC_PCIF_RevA_SetTimingSel
                0x10002dc6       0x12 C:/MaximSDK/Libraries/PeriphDrivers/bin/MAX78000/spi-v1_softfp/libPeriphDriver_spi-v1_softfp.a(cameraif_reva.o)
                0x10002dc6                MXC_PCIF_RevA_SetTimingSel
 .text.MXC_PCIF_RevA_SetThreshold
                0x10002dd8       0x16 C:/MaximSDK/Libraries/PeriphDrivers/bin/MAX78000/spi-v1_softfp/libPeriphDriver_spi-v1_softfp.a(cameraif_reva.o)
                0x10002dd8                MXC_PCIF_RevA_SetThreshold
 .text.MXC_PCIF_RevA_EnableInt
                0x10002dee        0xc C:/MaximSDK/Libraries/PeriphDrivers/bin/MAX78000/spi-v1_softfp/libPeriphDriver_spi-v1_softfp.a(cameraif_reva.o)
                0x10002dee                MXC_PCIF_RevA_EnableInt
 .text.MXC_PCIF_RevA_DisableInt
                0x10002dfa        0xe C:/MaximSDK/Libraries/PeriphDrivers/bin/MAX78000/spi-v1_softfp/libPeriphDriver_spi-v1_softfp.a(cameraif_reva.o)
                0x10002dfa                MXC_PCIF_RevA_DisableInt
 .text.MXC_PCIF_RevA_Start
                0x10002e08       0x14 C:/MaximSDK/Libraries/PeriphDrivers/bin/MAX78000/spi-v1_softfp/libPeriphDriver_spi-v1_softfp.a(cameraif_reva.o)
                0x10002e08                MXC_PCIF_RevA_Start
 .text.MXC_DMA_Init
                0x10002e1c       0x24 C:/MaximSDK/Libraries/PeriphDrivers/bin/MAX78000/spi-v1_softfp/libPeriphDriver_spi-v1_softfp.a(dma_me17.o)
                0x10002e1c                MXC_DMA_Init
 .text.MXC_DMA_AcquireChannel
                0x10002e40       0x10 C:/MaximSDK/Libraries/PeriphDrivers/bin/MAX78000/spi-v1_softfp/libPeriphDriver_spi-v1_softfp.a(dma_me17.o)
                0x10002e40                MXC_DMA_AcquireChannel
 .text.MXC_DMA_SetCallback
                0x10002e50        0x8 C:/MaximSDK/Libraries/PeriphDrivers/bin/MAX78000/spi-v1_softfp/libPeriphDriver_spi-v1_softfp.a(dma_me17.o)
                0x10002e50                MXC_DMA_SetCallback
 .text.MXC_DMA_ChannelClearFlags
                0x10002e58        0x8 C:/MaximSDK/Libraries/PeriphDrivers/bin/MAX78000/spi-v1_softfp/libPeriphDriver_spi-v1_softfp.a(dma_me17.o)
                0x10002e58                MXC_DMA_ChannelClearFlags
 .text.MXC_DMA_Handler
                0x10002e60       0x10 C:/MaximSDK/Libraries/PeriphDrivers/bin/MAX78000/spi-v1_softfp/libPeriphDriver_spi-v1_softfp.a(dma_me17.o)
                0x10002e60                MXC_DMA_Handler
 .text.MXC_DMA_RevA_Init
                0x10002e70       0xb8 C:/MaximSDK/Libraries/PeriphDrivers/bin/MAX78000/spi-v1_softfp/libPeriphDriver_spi-v1_softfp.a(dma_reva.o)
                0x10002e70                MXC_DMA_RevA_Init
 .text.MXC_DMA_RevA_AcquireChannel
                0x10002f28       0x90 C:/MaximSDK/Libraries/PeriphDrivers/bin/MAX78000/spi-v1_softfp/libPeriphDriver_spi-v1_softfp.a(dma_reva.o)
                0x10002f28                MXC_DMA_RevA_AcquireChannel
 .text.MXC_DMA_RevA_SetCallback
                0x10002fb8       0x30 C:/MaximSDK/Libraries/PeriphDrivers/bin/MAX78000/spi-v1_softfp/libPeriphDriver_spi-v1_softfp.a(dma_reva.o)
                0x10002fb8                MXC_DMA_RevA_SetCallback
 .text.MXC_DMA_RevA_ChannelGetFlags
                0x10002fe8       0x30 C:/MaximSDK/Libraries/PeriphDrivers/bin/MAX78000/spi-v1_softfp/libPeriphDriver_spi-v1_softfp.a(dma_reva.o)
                0x10002fe8                MXC_DMA_RevA_ChannelGetFlags
 .text.MXC_DMA_RevA_ChannelClearFlags
                0x10003018       0x38 C:/MaximSDK/Libraries/PeriphDrivers/bin/MAX78000/spi-v1_softfp/libPeriphDriver_spi-v1_softfp.a(dma_reva.o)
                0x10003018                MXC_DMA_RevA_ChannelClearFlags
 .text.MXC_DMA_RevA_Handler
                0x10003050       0x8c C:/MaximSDK/Libraries/PeriphDrivers/bin/MAX78000/spi-v1_softfp/libPeriphDriver_spi-v1_softfp.a(dma_reva.o)
                0x10003050                MXC_DMA_RevA_Handler
 .text.MXC_GPIO_Init
                0x100030dc       0x36 C:/MaximSDK/Libraries/PeriphDrivers/bin/MAX78000/spi-v1_softfp/libPeriphDriver_spi-v1_softfp.a(gpio_ai85.o)
                0x100030dc                MXC_GPIO_Init
 *fill*         0x10003112        0x2 
 .text.MXC_GPIO_OutSet
                0x10003114       0x2c C:/MaximSDK/Libraries/PeriphDrivers/bin/MAX78000/spi-v1_softfp/libPeriphDriver_spi-v1_softfp.a(gpio_ai85.o)
                0x10003114                MXC_GPIO_OutSet
 .text.MXC_GPIO_OutClr
                0x10003140       0x30 C:/MaximSDK/Libraries/PeriphDrivers/bin/MAX78000/spi-v1_softfp/libPeriphDriver_spi-v1_softfp.a(gpio_ai85.o)
                0x10003140                MXC_GPIO_OutClr
 .text.MXC_GPIO_Handler
                0x10003170        0x8 C:/MaximSDK/Libraries/PeriphDrivers/bin/MAX78000/spi-v1_softfp/libPeriphDriver_spi-v1_softfp.a(gpio_ai85.o)
                0x10003170                MXC_GPIO_Handler
 .text.MXC_GPIO_ClearFlags
                0x10003178       0x1c C:/MaximSDK/Libraries/PeriphDrivers/bin/MAX78000/spi-v1_softfp/libPeriphDriver_spi-v1_softfp.a(gpio_ai85.o)
                0x10003178                MXC_GPIO_ClearFlags
 .text.MXC_GPIO_GetFlags
                0x10003194       0x1c C:/MaximSDK/Libraries/PeriphDrivers/bin/MAX78000/spi-v1_softfp/libPeriphDriver_spi-v1_softfp.a(gpio_ai85.o)
                0x10003194                MXC_GPIO_GetFlags
 .text.MXC_GPIO_SetVSSEL
                0x100031b0       0x20 C:/MaximSDK/Libraries/PeriphDrivers/bin/MAX78000/spi-v1_softfp/libPeriphDriver_spi-v1_softfp.a(gpio_ai85.o)
                0x100031b0                MXC_GPIO_SetVSSEL
 .text.MXC_GPIO_SetDriveStrength
                0x100031d0        0x8 C:/MaximSDK/Libraries/PeriphDrivers/bin/MAX78000/spi-v1_softfp/libPeriphDriver_spi-v1_softfp.a(gpio_ai85.o)
                0x100031d0                MXC_GPIO_SetDriveStrength
 .text.MXC_GPIO_GetConfigLock
                0x100031d8        0x8 C:/MaximSDK/Libraries/PeriphDrivers/bin/MAX78000/spi-v1_softfp/libPeriphDriver_spi-v1_softfp.a(gpio_ai85.o)
                0x100031d8                MXC_GPIO_GetConfigLock
 .text.MXC_GPIO_Config
                0x100031e0      0x290 C:/MaximSDK/Libraries/PeriphDrivers/bin/MAX78000/spi-v1_softfp/libPeriphDriver_spi-v1_softfp.a(gpio_ai85.o)
                0x100031e0                MXC_GPIO_Config
 .text.MXC_GPIO_RevA_OutSet
                0x10003470        0x4 C:/MaximSDK/Libraries/PeriphDrivers/bin/MAX78000/spi-v1_softfp/libPeriphDriver_spi-v1_softfp.a(gpio_reva.o)
                0x10003470                MXC_GPIO_RevA_OutSet
 .text.MXC_GPIO_RevA_OutClr
                0x10003474        0x4 C:/MaximSDK/Libraries/PeriphDrivers/bin/MAX78000/spi-v1_softfp/libPeriphDriver_spi-v1_softfp.a(gpio_reva.o)
                0x10003474                MXC_GPIO_RevA_OutClr
 .text.MXC_GPIO_RevA_ClearFlags
                0x10003478        0x4 C:/MaximSDK/Libraries/PeriphDrivers/bin/MAX78000/spi-v1_softfp/libPeriphDriver_spi-v1_softfp.a(gpio_reva.o)
                0x10003478                MXC_GPIO_RevA_ClearFlags
 .text.MXC_GPIO_RevA_GetFlags
                0x1000347c        0x4 C:/MaximSDK/Libraries/PeriphDrivers/bin/MAX78000/spi-v1_softfp/libPeriphDriver_spi-v1_softfp.a(gpio_reva.o)
                0x1000347c                MXC_GPIO_RevA_GetFlags
 .text.MXC_GPIO_RevA_SetVSSEL
                0x10003480       0x3e C:/MaximSDK/Libraries/PeriphDrivers/bin/MAX78000/spi-v1_softfp/libPeriphDriver_spi-v1_softfp.a(gpio_reva.o)
                0x10003480                MXC_GPIO_RevA_SetVSSEL
 .text.MXC_GPIO_RevA_SetAF
                0x100034be       0x88 C:/MaximSDK/Libraries/PeriphDrivers/bin/MAX78000/spi-v1_softfp/libPeriphDriver_spi-v1_softfp.a(gpio_reva.o)
                0x100034be                MXC_GPIO_RevA_SetAF
 .text.MXC_GPIO_RevA_SetDriveStrength
                0x10003546       0x98 C:/MaximSDK/Libraries/PeriphDrivers/bin/MAX78000/spi-v1_softfp/libPeriphDriver_spi-v1_softfp.a(gpio_reva.o)
                0x10003546                MXC_GPIO_RevA_SetDriveStrength
 .text.MXC_ICC_Enable
                0x100035de        0x8 C:/MaximSDK/Libraries/PeriphDrivers/bin/MAX78000/spi-v1_softfp/libPeriphDriver_spi-v1_softfp.a(icc_me17.o)
                0x100035de                MXC_ICC_Enable
 .text.MXC_ICC_Ready
                0x100035e6        0xa C:/MaximSDK/Libraries/PeriphDrivers/bin/MAX78000/spi-v1_softfp/libPeriphDriver_spi-v1_softfp.a(icc_reva.o)
 .text.MXC_ICC_RevA_Enable
                0x100035f0       0x38 C:/MaximSDK/Libraries/PeriphDrivers/bin/MAX78000/spi-v1_softfp/libPeriphDriver_spi-v1_softfp.a(icc_reva.o)
                0x100035f0                MXC_ICC_RevA_Enable
 .text.MXC_PT_Init
                0x10003628       0xbc C:/MaximSDK/Libraries/PeriphDrivers/bin/MAX78000/spi-v1_softfp/libPeriphDriver_spi-v1_softfp.a(pt_ai85.o)
                0x10003628                MXC_PT_Init
 .text.MXC_PT_Config
                0x100036e4       0x5c C:/MaximSDK/Libraries/PeriphDrivers/bin/MAX78000/spi-v1_softfp/libPeriphDriver_spi-v1_softfp.a(pt_ai85.o)
                0x100036e4                MXC_PT_Config
 .text.MXC_PT_SqrWaveConfig
                0x10003740       0x20 C:/MaximSDK/Libraries/PeriphDrivers/bin/MAX78000/spi-v1_softfp/libPeriphDriver_spi-v1_softfp.a(pt_ai85.o)
                0x10003740                MXC_PT_SqrWaveConfig
 .text.MXC_PT_Start
                0x10003760       0x10 C:/MaximSDK/Libraries/PeriphDrivers/bin/MAX78000/spi-v1_softfp/libPeriphDriver_spi-v1_softfp.a(pt_ai85.o)
                0x10003760                MXC_PT_Start
 .text.MXC_PT_IsActive
                0x10003770       0x10 C:/MaximSDK/Libraries/PeriphDrivers/bin/MAX78000/spi-v1_softfp/libPeriphDriver_spi-v1_softfp.a(pt_ai85.o)
                0x10003770                MXC_PT_IsActive
 .text.MXC_PT_RevA_Init
                0x10003780        0xe C:/MaximSDK/Libraries/PeriphDrivers/bin/MAX78000/spi-v1_softfp/libPeriphDriver_spi-v1_softfp.a(pt_reva.o)
                0x10003780                MXC_PT_RevA_Init
 .text.MXC_PT_RevA_SqrWaveConfig
                0x1000378e       0x14 C:/MaximSDK/Libraries/PeriphDrivers/bin/MAX78000/spi-v1_softfp/libPeriphDriver_spi-v1_softfp.a(pt_reva.o)
                0x1000378e                MXC_PT_RevA_SqrWaveConfig
 .text.MXC_PT_RevA_Start
                0x100037a2       0x10 C:/MaximSDK/Libraries/PeriphDrivers/bin/MAX78000/spi-v1_softfp/libPeriphDriver_spi-v1_softfp.a(pt_reva.o)
                0x100037a2                MXC_PT_RevA_Start
 .text.MXC_PT_RevA_Stop
                0x100037b2        0xa C:/MaximSDK/Libraries/PeriphDrivers/bin/MAX78000/spi-v1_softfp/libPeriphDriver_spi-v1_softfp.a(pt_reva.o)
                0x100037b2                MXC_PT_RevA_Stop
 .text.MXC_PT_RevA_Config
                0x100037bc       0xc0 C:/MaximSDK/Libraries/PeriphDrivers/bin/MAX78000/spi-v1_softfp/libPeriphDriver_spi-v1_softfp.a(pt_reva.o)
                0x100037bc                MXC_PT_RevA_Config
 .text.MXC_PT_RevA_IsActive
                0x1000387c        0xc C:/MaximSDK/Libraries/PeriphDrivers/bin/MAX78000/spi-v1_softfp/libPeriphDriver_spi-v1_softfp.a(pt_reva.o)
                0x1000387c                MXC_PT_RevA_IsActive
 .text.MXC_TMR_Init
                0x10003888      0x25c C:/MaximSDK/Libraries/PeriphDrivers/bin/MAX78000/spi-v1_softfp/libPeriphDriver_spi-v1_softfp.a(tmr_ai85.o)
                0x10003888                MXC_TMR_Init
 .text.MXC_TMR_Start
                0x10003ae4        0x8 C:/MaximSDK/Libraries/PeriphDrivers/bin/MAX78000/spi-v1_softfp/libPeriphDriver_spi-v1_softfp.a(tmr_ai85.o)
                0x10003ae4                MXC_TMR_Start
 .text.MXC_TMR_Stop
                0x10003aec        0x8 C:/MaximSDK/Libraries/PeriphDrivers/bin/MAX78000/spi-v1_softfp/libPeriphDriver_spi-v1_softfp.a(tmr_ai85.o)
                0x10003aec                MXC_TMR_Stop
 .text.MXC_TMR_ClearFlags
                0x10003af4        0x8 C:/MaximSDK/Libraries/PeriphDrivers/bin/MAX78000/spi-v1_softfp/libPeriphDriver_spi-v1_softfp.a(tmr_ai85.o)
                0x10003af4                MXC_TMR_ClearFlags
 .text.MXC_TMR_SetCount
                0x10003afc        0x8 C:/MaximSDK/Libraries/PeriphDrivers/bin/MAX78000/spi-v1_softfp/libPeriphDriver_spi-v1_softfp.a(tmr_ai85.o)
                0x10003afc                MXC_TMR_SetCount
 .text.MXC_TMR_TO_Start
                0x10003b04        0x8 C:/MaximSDK/Libraries/PeriphDrivers/bin/MAX78000/spi-v1_softfp/libPeriphDriver_spi-v1_softfp.a(tmr_ai85.o)
                0x10003b04                MXC_TMR_TO_Start
 .text.MXC_TMR_TO_Stop
                0x10003b0c        0x8 C:/MaximSDK/Libraries/PeriphDrivers/bin/MAX78000/spi-v1_softfp/libPeriphDriver_spi-v1_softfp.a(tmr_ai85.o)
                0x10003b0c                MXC_TMR_TO_Stop
 .text.MXC_TMR_TO_Elapsed
                0x10003b14        0x8 C:/MaximSDK/Libraries/PeriphDrivers/bin/MAX78000/spi-v1_softfp/libPeriphDriver_spi-v1_softfp.a(tmr_ai85.o)
                0x10003b14                MXC_TMR_TO_Elapsed
 .text.MXC_TMR_SW_Start
                0x10003b1c        0x8 C:/MaximSDK/Libraries/PeriphDrivers/bin/MAX78000/spi-v1_softfp/libPeriphDriver_spi-v1_softfp.a(tmr_ai85.o)
                0x10003b1c                MXC_TMR_SW_Start
 .text.MXC_TMR_SW_Stop
                0x10003b24        0x8 C:/MaximSDK/Libraries/PeriphDrivers/bin/MAX78000/spi-v1_softfp/libPeriphDriver_spi-v1_softfp.a(tmr_ai85.o)
                0x10003b24                MXC_TMR_SW_Stop
 .text.MXC_TMR_GetTime
                0x10003b2c        0x8 C:/MaximSDK/Libraries/PeriphDrivers/bin/MAX78000/spi-v1_softfp/libPeriphDriver_spi-v1_softfp.a(tmr_ai85.o)
                0x10003b2c                MXC_TMR_GetTime
 .text.MXC_TMR_RevB_SetClockSource
                0x10003b34       0x98 C:/MaximSDK/Libraries/PeriphDrivers/bin/MAX78000/spi-v1_softfp/libPeriphDriver_spi-v1_softfp.a(tmr_revb.o)
                0x10003b34                MXC_TMR_RevB_SetClockSource
 .text.MXC_TMR_RevB_SetPrescalar
                0x10003bcc       0x2e C:/MaximSDK/Libraries/PeriphDrivers/bin/MAX78000/spi-v1_softfp/libPeriphDriver_spi-v1_softfp.a(tmr_revb.o)
                0x10003bcc                MXC_TMR_RevB_SetPrescalar
 *fill*         0x10003bfa        0x2 
 .text.MXC_TMR_RevB_SetClockSourceFreq
                0x10003bfc       0x88 C:/MaximSDK/Libraries/PeriphDrivers/bin/MAX78000/spi-v1_softfp/libPeriphDriver_spi-v1_softfp.a(tmr_revb.o)
                0x10003bfc                MXC_TMR_RevB_SetClockSourceFreq
 .text.MXC_TMR_RevB_GetClockSourceFreq
                0x10003c84       0x84 C:/MaximSDK/Libraries/PeriphDrivers/bin/MAX78000/spi-v1_softfp/libPeriphDriver_spi-v1_softfp.a(tmr_revb.o)
                0x10003c84                MXC_TMR_RevB_GetClockSourceFreq
 .text.MXC_TMR_RevB_ConfigGeneric
                0x10003d08       0xb4 C:/MaximSDK/Libraries/PeriphDrivers/bin/MAX78000/spi-v1_softfp/libPeriphDriver_spi-v1_softfp.a(tmr_revb.o)
                0x10003d08                MXC_TMR_RevB_ConfigGeneric
 .text.MXC_TMR_RevB_Init
                0x10003dbc      0x15c C:/MaximSDK/Libraries/PeriphDrivers/bin/MAX78000/spi-v1_softfp/libPeriphDriver_spi-v1_softfp.a(tmr_revb.o)
                0x10003dbc                MXC_TMR_RevB_Init
 .text.MXC_TMR_RevB_Start
                0x10003f18       0x80 C:/MaximSDK/Libraries/PeriphDrivers/bin/MAX78000/spi-v1_softfp/libPeriphDriver_spi-v1_softfp.a(tmr_revb.o)
                0x10003f18                MXC_TMR_RevB_Start
 .text.MXC_TMR_RevB_Stop
                0x10003f98       0x58 C:/MaximSDK/Libraries/PeriphDrivers/bin/MAX78000/spi-v1_softfp/libPeriphDriver_spi-v1_softfp.a(tmr_revb.o)
                0x10003f98                MXC_TMR_RevB_Stop
 .text.MXC_TMR_RevB_ClearFlags
                0x10003ff0       0x58 C:/MaximSDK/Libraries/PeriphDrivers/bin/MAX78000/spi-v1_softfp/libPeriphDriver_spi-v1_softfp.a(tmr_revb.o)
                0x10003ff0                MXC_TMR_RevB_ClearFlags
 .text.MXC_TMR_RevB_SetCount
                0x10004048       0x5c C:/MaximSDK/Libraries/PeriphDrivers/bin/MAX78000/spi-v1_softfp/libPeriphDriver_spi-v1_softfp.a(tmr_revb.o)
                0x10004048                MXC_TMR_RevB_SetCount
 .text.MXC_TMR_RevB_TO_Start
                0x100040a4       0xd0 C:/MaximSDK/Libraries/PeriphDrivers/bin/MAX78000/spi-v1_softfp/libPeriphDriver_spi-v1_softfp.a(tmr_revb.o)
                0x100040a4                MXC_TMR_RevB_TO_Start
 .text.MXC_TMR_RevB_GetTime
                0x10004174      0x188 C:/MaximSDK/Libraries/PeriphDrivers/bin/MAX78000/spi-v1_softfp/libPeriphDriver_spi-v1_softfp.a(tmr_revb.o)
                0x10004174                MXC_TMR_RevB_GetTime
 .text.MXC_UART_Shutdown
                0x100042fc       0x70 C:/MaximSDK/Libraries/PeriphDrivers/bin/MAX78000/spi-v1_softfp/libPeriphDriver_spi-v1_softfp.a(uart_ai85.o)
                0x100042fc                MXC_UART_Shutdown
 .text.MXC_UART_SetFrequency
                0x1000436c       0xa4 C:/MaximSDK/Libraries/PeriphDrivers/bin/MAX78000/spi-v1_softfp/libPeriphDriver_spi-v1_softfp.a(uart_ai85.o)
                0x1000436c                MXC_UART_SetFrequency
 .text.MXC_UART_SetDataSize
                0x10004410        0x8 C:/MaximSDK/Libraries/PeriphDrivers/bin/MAX78000/spi-v1_softfp/libPeriphDriver_spi-v1_softfp.a(uart_ai85.o)
                0x10004410                MXC_UART_SetDataSize
 .text.MXC_UART_SetStopBits
                0x10004418        0x8 C:/MaximSDK/Libraries/PeriphDrivers/bin/MAX78000/spi-v1_softfp/libPeriphDriver_spi-v1_softfp.a(uart_ai85.o)
                0x10004418                MXC_UART_SetStopBits
 .text.MXC_UART_SetParity
                0x10004420        0x8 C:/MaximSDK/Libraries/PeriphDrivers/bin/MAX78000/spi-v1_softfp/libPeriphDriver_spi-v1_softfp.a(uart_ai85.o)
                0x10004420                MXC_UART_SetParity
 .text.MXC_UART_SetClockSource
                0x10004428       0x6c C:/MaximSDK/Libraries/PeriphDrivers/bin/MAX78000/spi-v1_softfp/libPeriphDriver_spi-v1_softfp.a(uart_ai85.o)
                0x10004428                MXC_UART_SetClockSource
 .text.MXC_UART_GetClockSource
                0x10004494       0x50 C:/MaximSDK/Libraries/PeriphDrivers/bin/MAX78000/spi-v1_softfp/libPeriphDriver_spi-v1_softfp.a(uart_ai85.o)
                0x10004494                MXC_UART_GetClockSource
 .text.MXC_UART_Init
                0x100044e4       0xa8 C:/MaximSDK/Libraries/PeriphDrivers/bin/MAX78000/spi-v1_softfp/libPeriphDriver_spi-v1_softfp.a(uart_ai85.o)
                0x100044e4                MXC_UART_Init
 .text.MXC_UART_ReadCharacterRaw
                0x1000458c        0x8 C:/MaximSDK/Libraries/PeriphDrivers/bin/MAX78000/spi-v1_softfp/libPeriphDriver_spi-v1_softfp.a(uart_ai85.o)
                0x1000458c                MXC_UART_ReadCharacterRaw
 .text.MXC_UART_WriteCharacterRaw
                0x10004594        0x8 C:/MaximSDK/Libraries/PeriphDrivers/bin/MAX78000/spi-v1_softfp/libPeriphDriver_spi-v1_softfp.a(uart_ai85.o)
                0x10004594                MXC_UART_WriteCharacterRaw
 .text.MXC_UART_ReadCharacter
                0x1000459c        0x8 C:/MaximSDK/Libraries/PeriphDrivers/bin/MAX78000/spi-v1_softfp/libPeriphDriver_spi-v1_softfp.a(uart_ai85.o)
                0x1000459c                MXC_UART_ReadCharacter
 .text.MXC_UART_WriteCharacter
                0x100045a4        0x8 C:/MaximSDK/Libraries/PeriphDrivers/bin/MAX78000/spi-v1_softfp/libPeriphDriver_spi-v1_softfp.a(uart_ai85.o)
                0x100045a4                MXC_UART_WriteCharacter
 .text.MXC_UART_GetRXFIFOAvailable
                0x100045ac        0x8 C:/MaximSDK/Libraries/PeriphDrivers/bin/MAX78000/spi-v1_softfp/libPeriphDriver_spi-v1_softfp.a(uart_ai85.o)
                0x100045ac                MXC_UART_GetRXFIFOAvailable
 .text.MXC_UART_GetTXFIFOAvailable
                0x100045b4        0x8 C:/MaximSDK/Libraries/PeriphDrivers/bin/MAX78000/spi-v1_softfp/libPeriphDriver_spi-v1_softfp.a(uart_ai85.o)
                0x100045b4                MXC_UART_GetTXFIFOAvailable
 .text.MXC_UART_SetRXThreshold
                0x100045bc        0x8 C:/MaximSDK/Libraries/PeriphDrivers/bin/MAX78000/spi-v1_softfp/libPeriphDriver_spi-v1_softfp.a(uart_ai85.o)
                0x100045bc                MXC_UART_SetRXThreshold
 .text.MXC_UART_Common_ReadCharacter
                0x100045c4       0x16 C:/MaximSDK/Libraries/PeriphDrivers/bin/MAX78000/spi-v1_softfp/libPeriphDriver_spi-v1_softfp.a(uart_common.o)
                0x100045c4                MXC_UART_Common_ReadCharacter
 .text.MXC_UART_Common_WriteCharacter
                0x100045da       0x1a C:/MaximSDK/Libraries/PeriphDrivers/bin/MAX78000/spi-v1_softfp/libPeriphDriver_spi-v1_softfp.a(uart_common.o)
                0x100045da                MXC_UART_Common_WriteCharacter
 .text.MXC_UART_RevB_Init
                0x100045f4       0xe0 C:/MaximSDK/Libraries/PeriphDrivers/bin/MAX78000/spi-v1_softfp/libPeriphDriver_spi-v1_softfp.a(uart_revb.o)
                0x100045f4                MXC_UART_RevB_Init
 .text.MXC_UART_RevB_SetFrequency
                0x100046d4       0x1e C:/MaximSDK/Libraries/PeriphDrivers/bin/MAX78000/spi-v1_softfp/libPeriphDriver_spi-v1_softfp.a(uart_revb.o)
                0x100046d4                MXC_UART_RevB_SetFrequency
 .text.MXC_UART_RevB_SetDataSize
                0x100046f2       0x20 C:/MaximSDK/Libraries/PeriphDrivers/bin/MAX78000/spi-v1_softfp/libPeriphDriver_spi-v1_softfp.a(uart_revb.o)
                0x100046f2                MXC_UART_RevB_SetDataSize
 .text.MXC_UART_RevB_SetStopBits
                0x10004712       0x24 C:/MaximSDK/Libraries/PeriphDrivers/bin/MAX78000/spi-v1_softfp/libPeriphDriver_spi-v1_softfp.a(uart_revb.o)
                0x10004712                MXC_UART_RevB_SetStopBits
 .text.MXC_UART_RevB_SetParity
                0x10004736       0x90 C:/MaximSDK/Libraries/PeriphDrivers/bin/MAX78000/spi-v1_softfp/libPeriphDriver_spi-v1_softfp.a(uart_revb.o)
                0x10004736                MXC_UART_RevB_SetParity
 *fill*         0x100047c6        0x2 
 .text.MXC_UART_RevB_SetClockSource
                0x100047c8       0x98 C:/MaximSDK/Libraries/PeriphDrivers/bin/MAX78000/spi-v1_softfp/libPeriphDriver_spi-v1_softfp.a(uart_revb.o)
                0x100047c8                MXC_UART_RevB_SetClockSource
 .text.MXC_UART_RevB_GetClockSource
                0x10004860        0x8 C:/MaximSDK/Libraries/PeriphDrivers/bin/MAX78000/spi-v1_softfp/libPeriphDriver_spi-v1_softfp.a(uart_revb.o)
                0x10004860                MXC_UART_RevB_GetClockSource
 .text.MXC_UART_RevB_ReadCharacterRaw
                0x10004868       0x12 C:/MaximSDK/Libraries/PeriphDrivers/bin/MAX78000/spi-v1_softfp/libPeriphDriver_spi-v1_softfp.a(uart_revb.o)
                0x10004868                MXC_UART_RevB_ReadCharacterRaw
 .text.MXC_UART_RevB_WriteCharacterRaw
                0x1000487a       0x14 C:/MaximSDK/Libraries/PeriphDrivers/bin/MAX78000/spi-v1_softfp/libPeriphDriver_spi-v1_softfp.a(uart_revb.o)
                0x1000487a                MXC_UART_RevB_WriteCharacterRaw
 .text.MXC_UART_RevB_GetRXFIFOAvailable
                0x1000488e        0x8 C:/MaximSDK/Libraries/PeriphDrivers/bin/MAX78000/spi-v1_softfp/libPeriphDriver_spi-v1_softfp.a(uart_revb.o)
                0x1000488e                MXC_UART_RevB_GetRXFIFOAvailable
 .text.MXC_UART_RevB_GetTXFIFOAvailable
                0x10004896        0xc C:/MaximSDK/Libraries/PeriphDrivers/bin/MAX78000/spi-v1_softfp/libPeriphDriver_spi-v1_softfp.a(uart_revb.o)
                0x10004896                MXC_UART_RevB_GetTXFIFOAvailable
 .text.MXC_UART_RevB_SetRXThreshold
                0x100048a2       0x1e C:/MaximSDK/Libraries/PeriphDrivers/bin/MAX78000/spi-v1_softfp/libPeriphDriver_spi-v1_softfp.a(uart_revb.o)
                0x100048a2                MXC_UART_RevB_SetRXThreshold
 .text.MXC_GetLock
                0x100048c0       0x1c C:/MaximSDK/Libraries/PeriphDrivers/bin/MAX78000/spi-v1_softfp/libPeriphDriver_spi-v1_softfp.a(mxc_lock.o)
                0x100048c0                MXC_GetLock
 .text.MXC_FreeLock
                0x100048dc        0xa C:/MaximSDK/Libraries/PeriphDrivers/bin/MAX78000/spi-v1_softfp/libPeriphDriver_spi-v1_softfp.a(mxc_lock.o)
                0x100048dc                MXC_FreeLock
 *fill*         0x100048e6        0x2 
 .text.MXC_GPIO_Common_Init
                0x100048e8       0x40 C:/MaximSDK/Libraries/PeriphDrivers/bin/MAX78000/spi-v1_softfp/libPeriphDriver_spi-v1_softfp.a(gpio_common.o)
                0x100048e8                MXC_GPIO_Common_Init
 .text.MXC_GPIO_Common_Handler
                0x10004928       0x8c C:/MaximSDK/Libraries/PeriphDrivers/bin/MAX78000/spi-v1_softfp/libPeriphDriver_spi-v1_softfp.a(gpio_common.o)
                0x10004928                MXC_GPIO_Common_Handler
 .text.MXC_GPIO_Common_GetConfigLock
                0x100049b4        0xc C:/MaximSDK/Libraries/PeriphDrivers/bin/MAX78000/spi-v1_softfp/libPeriphDriver_spi-v1_softfp.a(gpio_common.o)
                0x100049b4                MXC_GPIO_Common_GetConfigLock
 .text.MXC_TMR_Common_TO_Stop
                0x100049c0       0x12 C:/MaximSDK/Libraries/PeriphDrivers/bin/MAX78000/spi-v1_softfp/libPeriphDriver_spi-v1_softfp.a(tmr_common.o)
                0x100049c0                MXC_TMR_Common_TO_Stop
 .text.MXC_TMR_Common_SW_Start
                0x100049d2        0xc C:/MaximSDK/Libraries/PeriphDrivers/bin/MAX78000/spi-v1_softfp/libPeriphDriver_spi-v1_softfp.a(tmr_common.o)
                0x100049d2                MXC_TMR_Common_SW_Start
 .text.MXC_TMR_Common_SW_Stop
                0x100049de       0x14 C:/MaximSDK/Libraries/PeriphDrivers/bin/MAX78000/spi-v1_softfp/libPeriphDriver_spi-v1_softfp.a(tmr_common.o)
                0x100049de                MXC_TMR_Common_SW_Stop
 *fill*         0x100049f2        0x2 
 .text.MXC_TMR_Common_TO_Elapsed
                0x100049f4       0x54 C:/MaximSDK/Libraries/PeriphDrivers/bin/MAX78000/spi-v1_softfp/libPeriphDriver_spi-v1_softfp.a(tmr_common.o)
                0x100049f4                MXC_TMR_Common_TO_Elapsed
 .text.malloc   0x10004a48       0x10 C:/Program Files (x86)/Arm GNU Toolchain arm-none-eabi/14.3 rel1/bin/../lib/gcc/arm-none-eabi/14.3.1/../../../../arm-none-eabi/lib/thumb/v7e-m+fp/softfp\libc.a(libc_a-malloc.o)
                0x10004a48                malloc
 .text.free     0x10004a58       0x10 C:/Program Files (x86)/Arm GNU Toolchain arm-none-eabi/14.3 rel1/bin/../lib/gcc/arm-none-eabi/14.3.1/../../../../arm-none-eabi/lib/thumb/v7e-m+fp/softfp\libc.a(libc_a-malloc.o)
                0x10004a58                free
 .text._malloc_r
                0x10004a68      0x598 C:/Program Files (x86)/Arm GNU Toolchain arm-none-eabi/14.3 rel1/bin/../lib/gcc/arm-none-eabi/14.3.1/../../../../arm-none-eabi/lib/thumb/v7e-m+fp/softfp\libc.a(libc_a-mallocr.o)
                0x10004a68                _malloc_r
 .text.__malloc_lock
                0x10005000        0xc C:/Program Files (x86)/Arm GNU Toolchain arm-none-eabi/14.3 rel1/bin/../lib/gcc/arm-none-eabi/14.3.1/../../../../arm-none-eabi/lib/thumb/v7e-m+fp/softfp\libc.a(libc_a-mlock.o)
                0x10005000                __malloc_lock
 .text.__malloc_unlock
                0x1000500c        0xc C:/Program Files (x86)/Arm GNU Toolchain arm-none-eabi/14.3 rel1/bin/../lib/gcc/arm-none-eabi/14.3.1/../../../../arm-none-eabi/lib/thumb/v7e-m+fp/softfp\libc.a(libc_a-mlock.o)
                0x1000500c                __malloc_unlock
 .text.stdio_exit_handler
                0x10005018       0x18 C:/Program Files (x86)/Arm GNU Toolchain arm-none-eabi/14.3 rel1/bin/../lib/gcc/arm-none-eabi/14.3.1/../../../../arm-none-eabi/lib/thumb/v7e-m+fp/softfp\libc.a(libc_a-findfp.o)
 .text.cleanup_stdio
                0x10005030       0x40 C:/Program Files (x86)/Arm GNU Toolchain arm-none-eabi/14.3 rel1/bin/../lib/gcc/arm-none-eabi/14.3.1/../../../../arm-none-eabi/lib/thumb/v7e-m+fp/softfp\libc.a(libc_a-findfp.o)
 .text.global_stdio_init.part.0
                0x10005070       0xf0 C:/Program Files (x86)/Arm GNU Toolchain arm-none-eabi/14.3 rel1/bin/../lib/gcc/arm-none-eabi/14.3.1/../../../../arm-none-eabi/lib/thumb/v7e-m+fp/softfp\libc.a(libc_a-findfp.o)
 .text.__sinit  0x10005160       0x3c C:/Program Files (x86)/Arm GNU Toolchain arm-none-eabi/14.3 rel1/bin/../lib/gcc/arm-none-eabi/14.3.1/../../../../arm-none-eabi/lib/thumb/v7e-m+fp/softfp\libc.a(libc_a-findfp.o)
                0x10005160                __sinit
 .text.__sfp_lock_acquire
                0x1000519c        0xc C:/Program Files (x86)/Arm GNU Toolchain arm-none-eabi/14.3 rel1/bin/../lib/gcc/arm-none-eabi/14.3.1/../../../../arm-none-eabi/lib/thumb/v7e-m+fp/softfp\libc.a(libc_a-findfp.o)
                0x1000519c                __sfp_lock_acquire
 .text.__sfp_lock_release
                0x100051a8        0xc C:/Program Files (x86)/Arm GNU Toolchain arm-none-eabi/14.3 rel1/bin/../lib/gcc/arm-none-eabi/14.3.1/../../../../arm-none-eabi/lib/thumb/v7e-m+fp/softfp\libc.a(libc_a-findfp.o)
                0x100051a8                __sfp_lock_release
 .text._fwalk_sglue
                0x100051b4       0x44 C:/Program Files (x86)/Arm GNU Toolchain arm-none-eabi/14.3 rel1/bin/../lib/gcc/arm-none-eabi/14.3.1/../../../../arm-none-eabi/lib/thumb/v7e-m+fp/softfp\libc.a(libc_a-fwalk.o)
                0x100051b4                _fwalk_sglue
 .text.printf   0x100051f8       0x28 C:/Program Files (x86)/Arm GNU Toolchain arm-none-eabi/14.3 rel1/bin/../lib/gcc/arm-none-eabi/14.3.1/../../../../arm-none-eabi/lib/thumb/v7e-m+fp/softfp\libc.a(libc_a-printf.o)
                0x100051f8                printf
 .text.putchar  0x10005220       0x10 C:/Program Files (x86)/Arm GNU Toolchain arm-none-eabi/14.3 rel1/bin/../lib/gcc/arm-none-eabi/14.3.1/../../../../arm-none-eabi/lib/thumb/v7e-m+fp/softfp\libc.a(libc_a-putchar.o)
                0x10005220                putchar
 .text._puts_r  0x10005230       0xbc C:/Program Files (x86)/Arm GNU Toolchain arm-none-eabi/14.3 rel1/bin/../lib/gcc/arm-none-eabi/14.3.1/../../../../arm-none-eabi/lib/thumb/v7e-m+fp/softfp\libc.a(libc_a-puts.o)
                0x10005230                _puts_r
 .text.puts     0x100052ec       0x10 C:/Program Files (x86)/Arm GNU Toolchain arm-none-eabi/14.3 rel1/bin/../lib/gcc/arm-none-eabi/14.3.1/../../../../arm-none-eabi/lib/thumb/v7e-m+fp/softfp\libc.a(libc_a-puts.o)
                0x100052ec                puts
 .text.snprintf
                0x100052fc       0x90 C:/Program Files (x86)/Arm GNU Toolchain arm-none-eabi/14.3 rel1/bin/../lib/gcc/arm-none-eabi/14.3.1/../../../../arm-none-eabi/lib/thumb/v7e-m+fp/softfp\libc.a(libc_a-snprintf.o)
                0x100052fc                snprintf
 .text.__sread  0x1000538c       0x24 C:/Program Files (x86)/Arm GNU Toolchain arm-none-eabi/14.3 rel1/bin/../lib/gcc/arm-none-eabi/14.3.1/../../../../arm-none-eabi/lib/thumb/v7e-m+fp/softfp\libc.a(libc_a-stdio.o)
                0x1000538c                __sread
 .text.__swrite
                0x100053b0       0x40 C:/Program Files (x86)/Arm GNU Toolchain arm-none-eabi/14.3 rel1/bin/../lib/gcc/arm-none-eabi/14.3.1/../../../../arm-none-eabi/lib/thumb/v7e-m+fp/softfp\libc.a(libc_a-stdio.o)
                0x100053b0                __swrite
 .text.__sseek  0x100053f0       0x24 C:/Program Files (x86)/Arm GNU Toolchain arm-none-eabi/14.3 rel1/bin/../lib/gcc/arm-none-eabi/14.3.1/../../../../arm-none-eabi/lib/thumb/v7e-m+fp/softfp\libc.a(libc_a-stdio.o)
                0x100053f0                __sseek
 .text.__sclose
                0x10005414        0x8 C:/Program Files (x86)/Arm GNU Toolchain arm-none-eabi/14.3 rel1/bin/../lib/gcc/arm-none-eabi/14.3.1/../../../../arm-none-eabi/lib/thumb/v7e-m+fp/softfp\libc.a(libc_a-stdio.o)
                0x10005414                __sclose
 .text.memset   0x1000541c       0x9c C:/Program Files (x86)/Arm GNU Toolchain arm-none-eabi/14.3 rel1/bin/../lib/gcc/arm-none-eabi/14.3.1/../../../../arm-none-eabi/lib/thumb/v7e-m+fp/softfp\libc.a(libc_a-memset.o)
                0x1000541c                memset
 .text._close_r
                0x100054b8       0x24 C:/Program Files (x86)/Arm GNU Toolchain arm-none-eabi/14.3 rel1/bin/../lib/gcc/arm-none-eabi/14.3.1/../../../../arm-none-eabi/lib/thumb/v7e-m+fp/softfp\libc.a(libc_a-closer.o)
                0x100054b8                _close_r
 .text._lseek_r
                0x100054dc       0x2c C:/Program Files (x86)/Arm GNU Toolchain arm-none-eabi/14.3 rel1/bin/../lib/gcc/arm-none-eabi/14.3.1/../../../../arm-none-eabi/lib/thumb/v7e-m+fp/softfp\libc.a(libc_a-lseekr.o)
                0x100054dc                _lseek_r
 .text._read_r  0x10005508       0x2c C:/Program Files (x86)/Arm GNU Toolchain arm-none-eabi/14.3 rel1/bin/../lib/gcc/arm-none-eabi/14.3.1/../../../../arm-none-eabi/lib/thumb/v7e-m+fp/softfp\libc.a(libc_a-readr.o)
                0x10005508                _read_r
 .text._sbrk_r  0x10005534       0x24 C:/Program Files (x86)/Arm GNU Toolchain arm-none-eabi/14.3 rel1/bin/../lib/gcc/arm-none-eabi/14.3.1/../../../../arm-none-eabi/lib/thumb/v7e-m+fp/softfp\libc.a(libc_a-sbrkr.o)
                0x10005534                _sbrk_r
 .text._write_r
                0x10005558       0x2c C:/Program Files (x86)/Arm GNU Toolchain arm-none-eabi/14.3 rel1/bin/../lib/gcc/arm-none-eabi/14.3.1/../../../../arm-none-eabi/lib/thumb/v7e-m+fp/softfp\libc.a(libc_a-writer.o)
                0x10005558                _write_r
 .text.__errno  0x10005584        0xc C:/Program Files (x86)/Arm GNU Toolchain arm-none-eabi/14.3 rel1/bin/../lib/gcc/arm-none-eabi/14.3.1/../../../../arm-none-eabi/lib/thumb/v7e-m+fp/softfp\libc.a(libc_a-errno.o)
                0x10005584                __errno
 .text.__libc_init_array
                0x10005590       0x50 C:/Program Files (x86)/Arm GNU Toolchain arm-none-eabi/14.3 rel1/bin/../lib/gcc/arm-none-eabi/14.3.1/../../../../arm-none-eabi/lib/thumb/v7e-m+fp/softfp\libc.a(libc_a-init.o)
                0x10005590                __libc_init_array
 .text.__retarget_lock_init_recursive
                0x100055e0        0x4 C:/Program Files (x86)/Arm GNU Toolchain arm-none-eabi/14.3 rel1/bin/../lib/gcc/arm-none-eabi/14.3.1/../../../../arm-none-eabi/lib/thumb/v7e-m+fp/softfp\libc.a(libc_a-lock.o)
                0x100055e0                __retarget_lock_init_recursive
 .text.__retarget_lock_close_recursive
                0x100055e4        0x4 C:/Program Files (x86)/Arm GNU Toolchain arm-none-eabi/14.3 rel1/bin/../lib/gcc/arm-none-eabi/14.3.1/../../../../arm-none-eabi/lib/thumb/v7e-m+fp/softfp\libc.a(libc_a-lock.o)
                0x100055e4                __retarget_lock_close_recursive
 .text.__retarget_lock_acquire_recursive
                0x100055e8        0x4 C:/Program Files (x86)/Arm GNU Toolchain arm-none-eabi/14.3 rel1/bin/../lib/gcc/arm-none-eabi/14.3.1/../../../../arm-none-eabi/lib/thumb/v7e-m+fp/softfp\libc.a(libc_a-lock.o)
                0x100055e8                __retarget_lock_acquire_recursive
 .text.__retarget_lock_release_recursive
                0x100055ec        0x4 C:/Program Files (x86)/Arm GNU Toolchain arm-none-eabi/14.3 rel1/bin/../lib/gcc/arm-none-eabi/14.3.1/../../../../arm-none-eabi/lib/thumb/v7e-m+fp/softfp\libc.a(libc_a-lock.o)
                0x100055ec                __retarget_lock_release_recursive
 .text.sysconf  0x100055f0       0x1c C:/Program Files (x86)/Arm GNU Toolchain arm-none-eabi/14.3 rel1/bin/../lib/gcc/arm-none-eabi/14.3.1/../../../../arm-none-eabi/lib/thumb/v7e-m+fp/softfp\libc.a(libc_a-sysconf.o)
                0x100055f0                sysconf
 .text          0x1000560c      0x134 C:/Program Files (x86)/Arm GNU Toolchain arm-none-eabi/14.3 rel1/bin/../lib/gcc/arm-none-eabi/14.3.1/../../../../arm-none-eabi/lib/thumb/v7e-m+fp/softfp\libc.a(libc_a-memcpy.o)
                0x1000560c                memcpy
 .text          0x10005740       0xd8 C:/Program Files (x86)/Arm GNU Toolchain arm-none-eabi/14.3 rel1/bin/../lib/gcc/arm-none-eabi/14.3.1/../../../../arm-none-eabi/lib/thumb/v7e-m+fp/softfp\libc.a(libc_a-strlen.o)
                0x10005740                strlen
 .text.startup.register_fini
                0x10005818       0x14 C:/Program Files (x86)/Arm GNU Toolchain arm-none-eabi/14.3 rel1/bin/../lib/gcc/arm-none-eabi/14.3.1/../../../../arm-none-eabi/lib/thumb/v7e-m+fp/softfp\libc.a(libc_a-__call_atexit.o)
 .text.atexit   0x1000582c        0xc C:/Program Files (x86)/Arm GNU Toolchain arm-none-eabi/14.3 rel1/bin/../lib/gcc/arm-none-eabi/14.3.1/../../../../arm-none-eabi/lib/thumb/v7e-m+fp/softfp\libc.a(libc_a-atexit.o)
                0x1000582c                atexit
 .text._malloc_trim_r
                0x10005838       0xb8 C:/Program Files (x86)/Arm GNU Toolchain arm-none-eabi/14.3 rel1/bin/../lib/gcc/arm-none-eabi/14.3.1/../../../../arm-none-eabi/lib/thumb/v7e-m+fp/softfp\libc.a(libc_a-freer.o)
                0x10005838                _malloc_trim_r
 .text._free_r  0x100058f0      0x1f0 C:/Program Files (x86)/Arm GNU Toolchain arm-none-eabi/14.3 rel1/bin/../lib/gcc/arm-none-eabi/14.3.1/../../../../arm-none-eabi/lib/thumb/v7e-m+fp/softfp\libc.a(libc_a-freer.o)
                0x100058f0                _free_r
 .text._svfprintf_r
                0x10005ae0     0x21f0 C:/Program Files (x86)/Arm GNU Toolchain arm-none-eabi/14.3 rel1/bin/../lib/gcc/arm-none-eabi/14.3.1/../../../../arm-none-eabi/lib/thumb/v7e-m+fp/softfp\libc.a(libc_a-svfprintf.o)
                0x10005ae0                _svfprintf_r
 .text._vfprintf_r
                0x10007cd0     0x2320 C:/Program Files (x86)/Arm GNU Toolchain arm-none-eabi/14.3 rel1/bin/../lib/gcc/arm-none-eabi/14.3.1/../../../../arm-none-eabi/lib/thumb/v7e-m+fp/softfp\libc.a(libc_a-vfprintf.o)
                0x10007cd0                _vfprintf_r
 .text.__sbprintf
                0x10009ff0       0x84 C:/Program Files (x86)/Arm GNU Toolchain arm-none-eabi/14.3 rel1/bin/../lib/gcc/arm-none-eabi/14.3.1/../../../../arm-none-eabi/lib/thumb/v7e-m+fp/softfp\libc.a(libc_a-vfprintf.o)
 .text.__sprint_r
                0x1000a074       0x20 C:/Program Files (x86)/Arm GNU Toolchain arm-none-eabi/14.3 rel1/bin/../lib/gcc/arm-none-eabi/14.3.1/../../../../arm-none-eabi/lib/thumb/v7e-m+fp/softfp\libc.a(libc_a-sprint_r.o)
                0x1000a074                __sprint_r
 .text.__ssprint_r
                0x1000a094       0x58 C:/Program Files (x86)/Arm GNU Toolchain arm-none-eabi/14.3 rel1/bin/../lib/gcc/arm-none-eabi/14.3.1/../../../../arm-none-eabi/lib/thumb/v7e-m+fp/softfp\libc.a(libc_a-ssprint_r.o)
                0x1000a094                __ssprint_r
 .text._fclose_r
                0x1000a0ec       0xc0 C:/Program Files (x86)/Arm GNU Toolchain arm-none-eabi/14.3 rel1/bin/../lib/gcc/arm-none-eabi/14.3.1/../../../../arm-none-eabi/lib/thumb/v7e-m+fp/softfp\libc.a(libc_a-fclose.o)
                0x1000a0ec                _fclose_r
 .text.__sflush_r
                0x1000a1ac      0x138 C:/Program Files (x86)/Arm GNU Toolchain arm-none-eabi/14.3 rel1/bin/../lib/gcc/arm-none-eabi/14.3.1/../../../../arm-none-eabi/lib/thumb/v7e-m+fp/softfp\libc.a(libc_a-fflush.o)
                0x1000a1ac                __sflush_r
 .text._fflush_r
                0x1000a2e4       0x54 C:/Program Files (x86)/Arm GNU Toolchain arm-none-eabi/14.3 rel1/bin/../lib/gcc/arm-none-eabi/14.3.1/../../../../arm-none-eabi/lib/thumb/v7e-m+fp/softfp\libc.a(libc_a-fflush.o)
                0x1000a2e4                _fflush_r
 .text.__sfvwrite_r
                0x1000a338      0x2ec C:/Program Files (x86)/Arm GNU Toolchain arm-none-eabi/14.3 rel1/bin/../lib/gcc/arm-none-eabi/14.3.1/../../../../arm-none-eabi/lib/thumb/v7e-m+fp/softfp\libc.a(libc_a-fvwrite.o)
                0x1000a338                __sfvwrite_r
 .text._putc_r  0x1000a624       0x78 C:/Program Files (x86)/Arm GNU Toolchain arm-none-eabi/14.3 rel1/bin/../lib/gcc/arm-none-eabi/14.3.1/../../../../arm-none-eabi/lib/thumb/v7e-m+fp/softfp\libc.a(libc_a-putc.o)
                0x1000a624                _putc_r
 .text.__swbuf_r
                0x1000a69c       0xac C:/Program Files (x86)/Arm GNU Toolchain arm-none-eabi/14.3 rel1/bin/../lib/gcc/arm-none-eabi/14.3.1/../../../../arm-none-eabi/lib/thumb/v7e-m+fp/softfp\libc.a(libc_a-wbuf.o)
                0x1000a69c                __swbuf_r
 .text.__swsetup_r
                0x1000a748       0xfc C:/Program Files (x86)/Arm GNU Toolchain arm-none-eabi/14.3 rel1/bin/../lib/gcc/arm-none-eabi/14.3.1/../../../../arm-none-eabi/lib/thumb/v7e-m+fp/softfp\libc.a(libc_a-wsetup.o)
                0x1000a748                __swsetup_r
 .text.memmove  0x1000a844      0x130 C:/Program Files (x86)/Arm GNU Toolchain arm-none-eabi/14.3 rel1/bin/../lib/gcc/arm-none-eabi/14.3.1/../../../../arm-none-eabi/lib/thumb/v7e-m+fp/softfp\libc.a(libc_a-memmove.o)
                0x1000a844                memmove
 .text.strncpy  0x1000a974       0x68 C:/Program Files (x86)/Arm GNU Toolchain arm-none-eabi/14.3 rel1/bin/../lib/gcc/arm-none-eabi/14.3.1/../../../../arm-none-eabi/lib/thumb/v7e-m+fp/softfp\libc.a(libc_a-strncpy.o)
                0x1000a974                strncpy
 .text.__locale_mb_cur_max
                0x1000a9dc        0xc C:/Program Files (x86)/Arm GNU Toolchain arm-none-eabi/14.3 rel1/bin/../lib/gcc/arm-none-eabi/14.3.1/../../../../arm-none-eabi/lib/thumb/v7e-m+fp/softfp\libc.a(libc_a-locale.o)
                0x1000a9dc                __locale_mb_cur_max
 .text._localeconv_r
                0x1000a9e8        0x8 C:/Program Files (x86)/Arm GNU Toolchain arm-none-eabi/14.3 rel1/bin/../lib/gcc/arm-none-eabi/14.3.1/../../../../arm-none-eabi/lib/thumb/v7e-m+fp/softfp\libc.a(libc_a-localeconv.o)
                0x1000a9e8                _localeconv_r
 .text.__libc_fini_array
                0x1000a9f0       0x28 C:/Program Files (x86)/Arm GNU Toolchain arm-none-eabi/14.3 rel1/bin/../lib/gcc/arm-none-eabi/14.3.1/../../../../arm-none-eabi/lib/thumb/v7e-m+fp/softfp\libc.a(libc_a-fini.o)
                0x1000a9f0                __libc_fini_array
 *fill*         0x1000aa18        0x8 
 .text          0x1000aa20       0xa0 C:/Program Files (x86)/Arm GNU Toolchain arm-none-eabi/14.3 rel1/bin/../lib/gcc/arm-none-eabi/14.3.1/../../../../arm-none-eabi/lib/thumb/v7e-m+fp/softfp\libc.a(libc_a-memchr.o)
                0x1000aa20                memchr
 .text.frexp    0x1000aac0       0x6c C:/Program Files (x86)/Arm GNU Toolchain arm-none-eabi/14.3 rel1/bin/../lib/gcc/arm-none-eabi/14.3.1/../../../../arm-none-eabi/lib/thumb/v7e-m+fp/softfp\libc.a(libm_a-s_frexp.o)
                0x1000aac0                frexp
 .text.__register_exitproc
                0x1000ab2c       0x80 C:/Program Files (x86)/Arm GNU Toolchain arm-none-eabi/14.3 rel1/bin/../lib/gcc/arm-none-eabi/14.3.1/../../../../arm-none-eabi/lib/thumb/v7e-m+fp/softfp\libc.a(libc_a-__atexit.o)
                0x1000ab2c                __register_exitproc
 .text.quorem   0x1000abac      0x12c C:/Program Files (x86)/Arm GNU Toolchain arm-none-eabi/14.3 rel1/bin/../lib/gcc/arm-none-eabi/14.3.1/../../../../arm-none-eabi/lib/thumb/v7e-m+fp/softfp\libc.a(libc_a-dtoa.o)
 .text._dtoa_r  0x1000acd8     0x1034 C:/Program Files (x86)/Arm GNU Toolchain arm-none-eabi/14.3 rel1/bin/../lib/gcc/arm-none-eabi/14.3.1/../../../../arm-none-eabi/lib/thumb/v7e-m+fp/softfp\libc.a(libc_a-dtoa.o)
                0x1000acd8                _dtoa_r
 .text.__ascii_mbtowc
                0x1000bd0c       0x2c C:/Program Files (x86)/Arm GNU Toolchain arm-none-eabi/14.3 rel1/bin/../lib/gcc/arm-none-eabi/14.3.1/../../../../arm-none-eabi/lib/thumb/v7e-m+fp/softfp\libc.a(libc_a-mbtowc_r.o)
                0x1000bd0c                __ascii_mbtowc
 .text._Balloc  0x1000bd38       0x4c C:/Program Files (x86)/Arm GNU Toolchain arm-none-eabi/14.3 rel1/bin/../lib/gcc/arm-none-eabi/14.3.1/../../../../arm-none-eabi/lib/thumb/v7e-m+fp/softfp\libc.a(libc_a-mprec.o)
                0x1000bd38                _Balloc
 .text._Bfree   0x1000bd84       0x14 C:/Program Files (x86)/Arm GNU Toolchain arm-none-eabi/14.3 rel1/bin/../lib/gcc/arm-none-eabi/14.3.1/../../../../arm-none-eabi/lib/thumb/v7e-m+fp/softfp\libc.a(libc_a-mprec.o)
                0x1000bd84                _Bfree
 .text.__multadd
                0x1000bd98       0xa0 C:/Program Files (x86)/Arm GNU Toolchain arm-none-eabi/14.3 rel1/bin/../lib/gcc/arm-none-eabi/14.3.1/../../../../arm-none-eabi/lib/thumb/v7e-m+fp/softfp\libc.a(libc_a-mprec.o)
                0x1000bd98                __multadd
 .text.__hi0bits
                0x1000be38       0x54 C:/Program Files (x86)/Arm GNU Toolchain arm-none-eabi/14.3 rel1/bin/../lib/gcc/arm-none-eabi/14.3.1/../../../../arm-none-eabi/lib/thumb/v7e-m+fp/softfp\libc.a(libc_a-mprec.o)
                0x1000be38                __hi0bits
 .text.__lo0bits
                0x1000be8c       0x80 C:/Program Files (x86)/Arm GNU Toolchain arm-none-eabi/14.3 rel1/bin/../lib/gcc/arm-none-eabi/14.3.1/../../../../arm-none-eabi/lib/thumb/v7e-m+fp/softfp\libc.a(libc_a-mprec.o)
                0x1000be8c                __lo0bits
 .text.__i2b    0x1000bf0c       0x5c C:/Program Files (x86)/Arm GNU Toolchain arm-none-eabi/14.3 rel1/bin/../lib/gcc/arm-none-eabi/14.3.1/../../../../arm-none-eabi/lib/thumb/v7e-m+fp/softfp\libc.a(libc_a-mprec.o)
                0x1000bf0c                __i2b
 .text.__multiply
                0x1000bf68      0x16c C:/Program Files (x86)/Arm GNU Toolchain arm-none-eabi/14.3 rel1/bin/../lib/gcc/arm-none-eabi/14.3.1/../../../../arm-none-eabi/lib/thumb/v7e-m+fp/softfp\libc.a(libc_a-mprec.o)
                0x1000bf68                __multiply
 .text.__pow5mult
                0x1000c0d4       0xc0 C:/Program Files (x86)/Arm GNU Toolchain arm-none-eabi/14.3 rel1/bin/../lib/gcc/arm-none-eabi/14.3.1/../../../../arm-none-eabi/lib/thumb/v7e-m+fp/softfp\libc.a(libc_a-mprec.o)
                0x1000c0d4                __pow5mult
 .text.__lshift
                0x1000c194       0xe8 C:/Program Files (x86)/Arm GNU Toolchain arm-none-eabi/14.3 rel1/bin/../lib/gcc/arm-none-eabi/14.3.1/../../../../arm-none-eabi/lib/thumb/v7e-m+fp/softfp\libc.a(libc_a-mprec.o)
                0x1000c194                __lshift
 .text.__mcmp   0x1000c27c       0x44 C:/Program Files (x86)/Arm GNU Toolchain arm-none-eabi/14.3 rel1/bin/../lib/gcc/arm-none-eabi/14.3.1/../../../../arm-none-eabi/lib/thumb/v7e-m+fp/softfp\libc.a(libc_a-mprec.o)
                0x1000c27c                __mcmp
 .text.__mdiff  0x1000c2c0      0x174 C:/Program Files (x86)/Arm GNU Toolchain arm-none-eabi/14.3 rel1/bin/../lib/gcc/arm-none-eabi/14.3.1/../../../../arm-none-eabi/lib/thumb/v7e-m+fp/softfp\libc.a(libc_a-mprec.o)
                0x1000c2c0                __mdiff
 .text.__d2b    0x1000c434       0xb8 C:/Program Files (x86)/Arm GNU Toolchain arm-none-eabi/14.3 rel1/bin/../lib/gcc/arm-none-eabi/14.3.1/../../../../arm-none-eabi/lib/thumb/v7e-m+fp/softfp\libc.a(libc_a-mprec.o)
                0x1000c434                __d2b
 .text._realloc_r
                0x1000c4ec      0x348 C:/Program Files (x86)/Arm GNU Toolchain arm-none-eabi/14.3 rel1/bin/../lib/gcc/arm-none-eabi/14.3.1/../../../../arm-none-eabi/lib/thumb/v7e-m+fp/softfp\libc.a(libc_a-reallocr.o)
                0x1000c4ec                _realloc_r
 .text.__ascii_wctomb
                0x1000c834       0x1c C:/Program Files (x86)/Arm GNU Toolchain arm-none-eabi/14.3 rel1/bin/../lib/gcc/arm-none-eabi/14.3.1/../../../../arm-none-eabi/lib/thumb/v7e-m+fp/softfp\libc.a(libc_a-wctomb_r.o)
                0x1000c834                __ascii_wctomb
 .text._wcrtomb_r
                0x1000c850       0x4c C:/Program Files (x86)/Arm GNU Toolchain arm-none-eabi/14.3 rel1/bin/../lib/gcc/arm-none-eabi/14.3.1/../../../../arm-none-eabi/lib/thumb/v7e-m+fp/softfp\libc.a(libc_a-wcrtomb.o)
                0x1000c850                _wcrtomb_r
 .text._wcsrtombs_r
                0x1000c89c       0x18 C:/Program Files (x86)/Arm GNU Toolchain arm-none-eabi/14.3 rel1/bin/../lib/gcc/arm-none-eabi/14.3.1/../../../../arm-none-eabi/lib/thumb/v7e-m+fp/softfp\libc.a(libc_a-wcsrtombs.o)
                0x1000c89c                _wcsrtombs_r
 .text.__ssputs_r
                0x1000c8b4       0xc0 C:/Program Files (x86)/Arm GNU Toolchain arm-none-eabi/14.3 rel1/bin/../lib/gcc/arm-none-eabi/14.3.1/../../../../arm-none-eabi/lib/thumb/v7e-m+fp/softfp\libc.a(libc_a-ssputs_r.o)
                0x1000c8b4                __ssputs_r
 .text.__smakebuf_r
                0x1000c974       0xd0 C:/Program Files (x86)/Arm GNU Toolchain arm-none-eabi/14.3 rel1/bin/../lib/gcc/arm-none-eabi/14.3.1/../../../../arm-none-eabi/lib/thumb/v7e-m+fp/softfp\libc.a(libc_a-makebuf.o)
                0x1000c974                __smakebuf_r
 .text._fstat_r
                0x1000ca44       0x2c C:/Program Files (x86)/Arm GNU Toolchain arm-none-eabi/14.3 rel1/bin/../lib/gcc/arm-none-eabi/14.3.1/../../../../arm-none-eabi/lib/thumb/v7e-m+fp/softfp\libc.a(libc_a-fstatr.o)
                0x1000ca44                _fstat_r
 .text._isatty_r
                0x1000ca70       0x24 C:/Program Files (x86)/Arm GNU Toolchain arm-none-eabi/14.3 rel1/bin/../lib/gcc/arm-none-eabi/14.3.1/../../../../arm-none-eabi/lib/thumb/v7e-m+fp/softfp\libc.a(libc_a-isattyr.o)
                0x1000ca70                _isatty_r
 .text.__assert_func
                0x1000ca94       0x40 C:/Program Files (x86)/Arm GNU Toolchain arm-none-eabi/14.3 rel1/bin/../lib/gcc/arm-none-eabi/14.3.1/../../../../arm-none-eabi/lib/thumb/v7e-m+fp/softfp\libc.a(libc_a-assert.o)
                0x1000ca94                __assert_func
 .text._calloc_r
                0x1000cad4       0x6c C:/Program Files (x86)/Arm GNU Toolchain arm-none-eabi/14.3 rel1/bin/../lib/gcc/arm-none-eabi/14.3.1/../../../../arm-none-eabi/lib/thumb/v7e-m+fp/softfp\libc.a(libc_a-callocr.o)
                0x1000cad4                _calloc_r
 .text._wcsnrtombs_l
                0x1000cb40       0xf0 C:/Program Files (x86)/Arm GNU Toolchain arm-none-eabi/14.3 rel1/bin/../lib/gcc/arm-none-eabi/14.3.1/../../../../arm-none-eabi/lib/thumb/v7e-m+fp/softfp\libc.a(libc_a-wcsnrtombs.o)
                0x1000cb40                _wcsnrtombs_l
 .text._wcsnrtombs_r
                0x1000cc30       0x24 C:/Program Files (x86)/Arm GNU Toolchain arm-none-eabi/14.3 rel1/bin/../lib/gcc/arm-none-eabi/14.3.1/../../../../arm-none-eabi/lib/thumb/v7e-m+fp/softfp\libc.a(libc_a-wcsnrtombs.o)
                0x1000cc30                _wcsnrtombs_r
 .text.fiprintf
                0x1000cc54       0x28 C:/Program Files (x86)/Arm GNU Toolchain arm-none-eabi/14.3 rel1/bin/../lib/gcc/arm-none-eabi/14.3.1/../../../../arm-none-eabi/lib/thumb/v7e-m+fp/softfp\libc.a(libc_a-fiprintf.o)
                0x1000cc54                fiprintf
 .text._vfiprintf_r
                0x1000cc7c     0x1288 C:/Program Files (x86)/Arm GNU Toolchain arm-none-eabi/14.3 rel1/bin/../lib/gcc/arm-none-eabi/14.3.1/../../../../arm-none-eabi/lib/thumb/v7e-m+fp/softfp\libc.a(libc_a-vfiprintf.o)
                0x1000cc7c                _vfiprintf_r
 .text.__sbprintf
                0x1000df04       0x84 C:/Program Files (x86)/Arm GNU Toolchain arm-none-eabi/14.3 rel1/bin/../lib/gcc/arm-none-eabi/14.3.1/../../../../arm-none-eabi/lib/thumb/v7e-m+fp/softfp\libc.a(libc_a-vfiprintf.o)
 .text.abort    0x1000df88       0x10 C:/Program Files (x86)/Arm GNU Toolchain arm-none-eabi/14.3 rel1/bin/../lib/gcc/arm-none-eabi/14.3.1/../../../../arm-none-eabi/lib/thumb/v7e-m+fp/softfp\libc.a(libc_a-abort.o)
                0x1000df88                abort
 .text.raise    0x1000df98       0x58 C:/Program Files (x86)/Arm GNU Toolchain arm-none-eabi/14.3 rel1/bin/../lib/gcc/arm-none-eabi/14.3.1/../../../../arm-none-eabi/lib/thumb/v7e-m+fp/softfp\libc.a(libc_a-signal.o)
                0x1000df98                raise
 .text._kill_r  0x1000dff0       0x2c C:/Program Files (x86)/Arm GNU Toolchain arm-none-eabi/14.3 rel1/bin/../lib/gcc/arm-none-eabi/14.3.1/../../../../arm-none-eabi/lib/thumb/v7e-m+fp/softfp\libc.a(libc_a-signalr.o)
                0x1000dff0                _kill_r
 .text._getpid_r
                0x1000e01c        0x4 C:/Program Files (x86)/Arm GNU Toolchain arm-none-eabi/14.3 rel1/bin/../lib/gcc/arm-none-eabi/14.3.1/../../../../arm-none-eabi/lib/thumb/v7e-m+fp/softfp\libc.a(libc_a-signalr.o)
                0x1000e01c                _getpid_r
 .text._exit    0x1000e020        0x4 C:/Program Files (x86)/Arm GNU Toolchain arm-none-eabi/14.3 rel1/bin/../lib/gcc/arm-none-eabi/14.3.1/../../../../arm-none-eabi/lib/thumb/v7e-m+fp/softfp\libnosys.a(_exit.o)
                0x1000e020                _exit
 .text          0x1000e024      0x378 C:/Program Files (x86)/Arm GNU Toolchain arm-none-eabi/14.3 rel1/bin/../lib/gcc/arm-none-eabi/14.3.1/thumb/v7e-m+fp/softfp\libgcc.a(_arm_addsubdf3.o)
                0x1000e024                __aeabi_drsub
                0x1000e02c                __aeabi_dsub
                0x1000e02c                __subdf3
                0x1000e030                __aeabi_dadd
                0x1000e030                __adddf3
                0x1000e2a8                __floatunsidf
                0x1000e2a8                __aeabi_ui2d
                0x1000e2c8                __floatsidf
                0x1000e2c8                __aeabi_i2d
                0x1000e2ec                __aeabi_f2d
                0x1000e2ec                __extendsfdf2
                0x1000e330                __floatundidf
                0x1000e330                __aeabi_ul2d
                0x1000e340                __floatdidf
                0x1000e340                __aeabi_l2d
 .text          0x1000e39c      0x424 C:/Program Files (x86)/Arm GNU Toolchain arm-none-eabi/14.3 rel1/bin/../lib/gcc/arm-none-eabi/14.3.1/thumb/v7e-m+fp/softfp\libgcc.a(_arm_muldivdf3.o)
                0x1000e39c                __aeabi_dmul
                0x1000e39c                __muldf3
                0x1000e5f0                __divdf3
                0x1000e5f0                __aeabi_ddiv
 .text          0x1000e7c0      0x110 C:/Program Files (x86)/Arm GNU Toolchain arm-none-eabi/14.3 rel1/bin/../lib/gcc/arm-none-eabi/14.3.1/thumb/v7e-m+fp/softfp\libgcc.a(_arm_cmpdf2.o)
                0x1000e7c0                __gtdf2
                0x1000e7c0                __gedf2
                0x1000e7c8                __ltdf2
                0x1000e7c8                __ledf2
                0x1000e7d0                __nedf2
                0x1000e7d0                __eqdf2
                0x1000e7d0                __cmpdf2
                0x1000e84c                __aeabi_cdrcmple
                0x1000e85c                __aeabi_cdcmpeq
                0x1000e85c                __aeabi_cdcmple
                0x1000e86c                __aeabi_dcmpeq
                0x1000e880                __aeabi_dcmplt
                0x1000e894                __aeabi_dcmple
                0x1000e8a8                __aeabi_dcmpge
                0x1000e8bc                __aeabi_dcmpgt
 .text          0x1000e8d0       0x2c C:/Program Files (x86)/Arm GNU Toolchain arm-none-eabi/14.3 rel1/bin/../lib/gcc/arm-none-eabi/14.3.1/thumb/v7e-m+fp/softfp\libgcc.a(_arm_unorddf2.o)
                0x1000e8d0                __unorddf2
                0x1000e8d0                __aeabi_dcmpun
 .text          0x1000e8fc       0x50 C:/Program Files (x86)/Arm GNU Toolchain arm-none-eabi/14.3 rel1/bin/../lib/gcc/arm-none-eabi/14.3.1/thumb/v7e-m+fp/softfp\libgcc.a(_arm_fixdfsi.o)
                0x1000e8fc                __aeabi_d2iz
                0x1000e8fc                __fixdfsi
 .text          0x1000e94c       0xa0 C:/Program Files (x86)/Arm GNU Toolchain arm-none-eabi/14.3 rel1/bin/../lib/gcc/arm-none-eabi/14.3.1/thumb/v7e-m+fp/softfp\libgcc.a(_aeabi_ldivmod.o)
                0x1000e94c                __aeabi_ldivmod
 .text          0x1000e9ec       0x30 C:/Program Files (x86)/Arm GNU Toolchain arm-none-eabi/14.3 rel1/bin/../lib/gcc/arm-none-eabi/14.3.1/thumb/v7e-m+fp/softfp\libgcc.a(_aeabi_uldivmod.o)
                0x1000e9ec                __aeabi_uldivmod
 .text.__udivmoddi4
                0x1000ea1c      0x2f8 C:/Program Files (x86)/Arm GNU Toolchain arm-none-eabi/14.3 rel1/bin/../lib/gcc/arm-none-eabi/14.3.1/thumb/v7e-m+fp/softfp\libgcc.a(_udivmoddi4.o)
                0x1000ea1c                __udivmoddi4
 .text          0x1000ed14        0x4 C:/Program Files (x86)/Arm GNU Toolchain arm-none-eabi/14.3 rel1/bin/../lib/gcc/arm-none-eabi/14.3.1/thumb/v7e-m+fp/softfp\libgcc.a(_dvmd_tls.o)
                0x1000ed14                __aeabi_idiv0
                0x1000ed14                __aeabi_ldiv0
 *(.rodata*)
 .rodata.kernels
                0x1000ed18     0xe534 C:/MaximSDK/Examples/MAX78000/CNN/CarBicycle/build/cnn.o
 .rodata.capture_process_camera.str1.4
                0x1001d24c      0x5f7 C:/MaximSDK/Examples/MAX78000/CNN/CarBicycle/build/main.o
                                 0x8b (size before relaxing)
 .rodata.print_classification.str1.4
                0x1001d843       0x31 C:/MaximSDK/Examples/MAX78000/CNN/CarBicycle/build/main.o
 .rodata.main.str1.4
                0x1001d843       0x5c C:/MaximSDK/Examples/MAX78000/CNN/CarBicycle/build/main.o
 .rodata.str1.4
                0x1001d843        0xa C:/MaximSDK/Examples/MAX78000/CNN/CarBicycle/build/main.o
 *fill*         0x1001d843        0x1 
 .rodata.classes
                0x1001d844       0x28 C:/MaximSDK/Examples/MAX78000/CNN/CarBicycle/build/main.o
                0x1001d844                classes
 .rodata.mxc_assert.str1.4
                0x1001d86c       0x19 C:/MaximSDK/Examples/MAX78000/CNN/CarBicycle/build/board.o
 .rodata.Board_Init.str1.4
                0x1001d86c       0x45 C:/MaximSDK/Examples/MAX78000/CNN/CarBicycle/build/board.o
 .rodata.num_leds
                0x1001d86c        0x4 C:/MaximSDK/Examples/MAX78000/CNN/CarBicycle/build/board.o
                0x1001d86c                num_leds
 .rodata.led_pin
                0x1001d870       0x18 C:/MaximSDK/Examples/MAX78000/CNN/CarBicycle/build/board.o
                0x1001d870                led_pin
 .rodata.num_pbs
                0x1001d888        0x4 C:/MaximSDK/Examples/MAX78000/CNN/CarBicycle/build/board.o
                0x1001d888                num_pbs
 .rodata.pb_pin
                0x1001d88c       0x18 C:/MaximSDK/Examples/MAX78000/CNN/CarBicycle/build/board.o
                0x1001d88c                pb_pin
 .rodata        0x1001d8a4       0x54 C:/MaximSDK/Examples/MAX78000/CNN/CarBicycle/build/board.o
 .rodata.LED_On.str1.4
                0x1001d8f8       0x3b C:/MaximSDK/Examples/MAX78000/CNN/CarBicycle/build/led.o
 .rodata.camera_setup.str1.4
                0x1001d8f8       0x1b C:/MaximSDK/Examples/MAX78000/CNN/CarBicycle/build/camera.o
 .rodata.dump_registers.str1.4
                0x1001d8f8       0x12 C:/MaximSDK/Examples/MAX78000/CNN/CarBicycle/build/ov7692.o
 .rodata.default_regs
                0x1001d8f8       0x5e C:/MaximSDK/Examples/MAX78000/CNN/CarBicycle/build/ov7692.o
 *fill*         0x1001d956        0x2 
 .rodata.gpio_cfg_sda
                0x1001d958        0xc C:/MaximSDK/Examples/MAX78000/CNN/CarBicycle/build/sccb.o
 .rodata.gpio_cfg_scl
                0x1001d964        0xc C:/MaximSDK/Examples/MAX78000/CNN/CarBicycle/build/sccb.o
 .rodata.gpio_cfg_pcif_xclk
                0x1001d970        0xc C:/MaximSDK/Libraries/PeriphDrivers/bin/MAX78000/spi-v1_softfp/libPeriphDriver_spi-v1_softfp.a(pins_ai85.o)
                0x1001d970                gpio_cfg_pcif_xclk
 .rodata.gpio_cfg_pcif_vsync
                0x1001d97c        0xc C:/MaximSDK/Libraries/PeriphDrivers/bin/MAX78000/spi-v1_softfp/libPeriphDriver_spi-v1_softfp.a(pins_ai85.o)
                0x1001d97c                gpio_cfg_pcif_vsync
 .rodata.gpio_cfg_pcif_hsync
                0x1001d988        0xc C:/MaximSDK/Libraries/PeriphDrivers/bin/MAX78000/spi-v1_softfp/libPeriphDriver_spi-v1_softfp.a(pins_ai85.o)
                0x1001d988                gpio_cfg_pcif_hsync
 .rodata.gpio_cfg_pcif_P1_BITS_10_11
                0x1001d994        0xc C:/MaximSDK/Libraries/PeriphDrivers/bin/MAX78000/spi-v1_softfp/libPeriphDriver_spi-v1_softfp.a(pins_ai85.o)
                0x1001d994                gpio_cfg_pcif_P1_BITS_10_11
 .rodata.gpio_cfg_pcif_P0_BITS_8_9
                0x1001d9a0        0xc C:/MaximSDK/Libraries/PeriphDrivers/bin/MAX78000/spi-v1_softfp/libPeriphDriver_spi-v1_softfp.a(pins_ai85.o)
                0x1001d9a0                gpio_cfg_pcif_P0_BITS_8_9
 .rodata.gpio_cfg_pcif_P0_BITS_0_7
                0x1001d9ac        0xc C:/MaximSDK/Libraries/PeriphDrivers/bin/MAX78000/spi-v1_softfp/libPeriphDriver_spi-v1_softfp.a(pins_ai85.o)
                0x1001d9ac                gpio_cfg_pcif_P0_BITS_0_7
 .rodata.gpio_cfg_pt3
                0x1001d9b8        0xc C:/MaximSDK/Libraries/PeriphDrivers/bin/MAX78000/spi-v1_softfp/libPeriphDriver_spi-v1_softfp.a(pins_ai85.o)
                0x1001d9b8                gpio_cfg_pt3
 .rodata.gpio_cfg_pt2
                0x1001d9c4        0xc C:/MaximSDK/Libraries/PeriphDrivers/bin/MAX78000/spi-v1_softfp/libPeriphDriver_spi-v1_softfp.a(pins_ai85.o)
                0x1001d9c4                gpio_cfg_pt2
 .rodata.gpio_cfg_pt1
                0x1001d9d0        0xc C:/MaximSDK/Libraries/PeriphDrivers/bin/MAX78000/spi-v1_softfp/libPeriphDriver_spi-v1_softfp.a(pins_ai85.o)
                0x1001d9d0                gpio_cfg_pt1
 .rodata.gpio_cfg_pt0
                0x1001d9dc        0xc C:/MaximSDK/Libraries/PeriphDrivers/bin/MAX78000/spi-v1_softfp/libPeriphDriver_spi-v1_softfp.a(pins_ai85.o)
                0x1001d9dc                gpio_cfg_pt0
 .rodata.gpio_cfg_tmr5
                0x1001d9e8        0xc C:/MaximSDK/Libraries/PeriphDrivers/bin/MAX78000/spi-v1_softfp/libPeriphDriver_spi-v1_softfp.a(pins_ai85.o)
                0x1001d9e8                gpio_cfg_tmr5
 .rodata.gpio_cfg_tmr4
                0x1001d9f4        0xc C:/MaximSDK/Libraries/PeriphDrivers/bin/MAX78000/spi-v1_softfp/libPeriphDriver_spi-v1_softfp.a(pins_ai85.o)
                0x1001d9f4                gpio_cfg_tmr4
 .rodata.gpio_cfg_tmr3b
                0x1001da00        0xc C:/MaximSDK/Libraries/PeriphDrivers/bin/MAX78000/spi-v1_softfp/libPeriphDriver_spi-v1_softfp.a(pins_ai85.o)
                0x1001da00                gpio_cfg_tmr3b
 .rodata.gpio_cfg_tmr2b
                0x1001da0c        0xc C:/MaximSDK/Libraries/PeriphDrivers/bin/MAX78000/spi-v1_softfp/libPeriphDriver_spi-v1_softfp.a(pins_ai85.o)
                0x1001da0c                gpio_cfg_tmr2b
 .rodata.gpio_cfg_tmr1b
                0x1001da18        0xc C:/MaximSDK/Libraries/PeriphDrivers/bin/MAX78000/spi-v1_softfp/libPeriphDriver_spi-v1_softfp.a(pins_ai85.o)
                0x1001da18                gpio_cfg_tmr1b
 .rodata.gpio_cfg_tmr0b
                0x1001da24        0xc C:/MaximSDK/Libraries/PeriphDrivers/bin/MAX78000/spi-v1_softfp/libPeriphDriver_spi-v1_softfp.a(pins_ai85.o)
                0x1001da24                gpio_cfg_tmr0b
 .rodata.gpio_cfg_tmr3
                0x1001da30        0xc C:/MaximSDK/Libraries/PeriphDrivers/bin/MAX78000/spi-v1_softfp/libPeriphDriver_spi-v1_softfp.a(pins_ai85.o)
                0x1001da30                gpio_cfg_tmr3
 .rodata.gpio_cfg_tmr2
                0x1001da3c        0xc C:/MaximSDK/Libraries/PeriphDrivers/bin/MAX78000/spi-v1_softfp/libPeriphDriver_spi-v1_softfp.a(pins_ai85.o)
                0x1001da3c                gpio_cfg_tmr2
 .rodata.gpio_cfg_tmr1
                0x1001da48        0xc C:/MaximSDK/Libraries/PeriphDrivers/bin/MAX78000/spi-v1_softfp/libPeriphDriver_spi-v1_softfp.a(pins_ai85.o)
                0x1001da48                gpio_cfg_tmr1
 .rodata.gpio_cfg_tmr0
                0x1001da54        0xc C:/MaximSDK/Libraries/PeriphDrivers/bin/MAX78000/spi-v1_softfp/libPeriphDriver_spi-v1_softfp.a(pins_ai85.o)
                0x1001da54                gpio_cfg_tmr0
 .rodata.gpio_cfg_uart3
                0x1001da60        0xc C:/MaximSDK/Libraries/PeriphDrivers/bin/MAX78000/spi-v1_softfp/libPeriphDriver_spi-v1_softfp.a(pins_ai85.o)
                0x1001da60                gpio_cfg_uart3
 .rodata.gpio_cfg_uart2
                0x1001da6c        0xc C:/MaximSDK/Libraries/PeriphDrivers/bin/MAX78000/spi-v1_softfp/libPeriphDriver_spi-v1_softfp.a(pins_ai85.o)
                0x1001da6c                gpio_cfg_uart2
 .rodata.gpio_cfg_uart1
                0x1001da78        0xc C:/MaximSDK/Libraries/PeriphDrivers/bin/MAX78000/spi-v1_softfp/libPeriphDriver_spi-v1_softfp.a(pins_ai85.o)
                0x1001da78                gpio_cfg_uart1
 .rodata.gpio_cfg_uart0
                0x1001da84        0xc C:/MaximSDK/Libraries/PeriphDrivers/bin/MAX78000/spi-v1_softfp/libPeriphDriver_spi-v1_softfp.a(pins_ai85.o)
                0x1001da84                gpio_cfg_uart0
 .rodata.gpio_cfg_extclk
                0x1001da90        0xc C:/MaximSDK/Libraries/PeriphDrivers/bin/MAX78000/spi-v1_softfp/libPeriphDriver_spi-v1_softfp.a(pins_ai85.o)
                0x1001da90                gpio_cfg_extclk
 .rodata.MXC_DMA_RevA_Init.str1.4
                0x1001da9c       0x49 C:/MaximSDK/Libraries/PeriphDrivers/bin/MAX78000/spi-v1_softfp/libPeriphDriver_spi-v1_softfp.a(dma_reva.o)
 .rodata.MXC_PT_Init.str1.4
                0x1001da9c       0x49 C:/MaximSDK/Libraries/PeriphDrivers/bin/MAX78000/spi-v1_softfp/libPeriphDriver_spi-v1_softfp.a(pt_ai85.o)
 .rodata.MXC_PT_RevA_Config.str1.4
                0x1001da9c       0x45 C:/MaximSDK/Libraries/PeriphDrivers/bin/MAX78000/spi-v1_softfp/libPeriphDriver_spi-v1_softfp.a(pt_reva.o)
 .rodata.MXC_TMR_Init.str1.4
                0x1001da9c       0x48 C:/MaximSDK/Libraries/PeriphDrivers/bin/MAX78000/spi-v1_softfp/libPeriphDriver_spi-v1_softfp.a(tmr_ai85.o)
 .rodata.MXC_TMR_RevB_SetClockSourceFreq.str1.4
                0x1001da9c       0x48 C:/MaximSDK/Libraries/PeriphDrivers/bin/MAX78000/spi-v1_softfp/libPeriphDriver_spi-v1_softfp.a(tmr_revb.o)
 .rodata.MXC_UART_RevB_Init.str1.4
                0x1001da9c       0x6b C:/MaximSDK/Libraries/PeriphDrivers/bin/MAX78000/spi-v1_softfp/libPeriphDriver_spi-v1_softfp.a(uart_revb.o)
 .rodata.MXC_UART_RevB_SetClockSource.str1.4
                0x1001da9c       0x27 C:/MaximSDK/Libraries/PeriphDrivers/bin/MAX78000/spi-v1_softfp/libPeriphDriver_spi-v1_softfp.a(uart_revb.o)
 .rodata.MXC_GPIO_Common_Handler.str1.4
                0x1001da9c       0x5e C:/MaximSDK/Libraries/PeriphDrivers/bin/MAX78000/spi-v1_softfp/libPeriphDriver_spi-v1_softfp.a(gpio_common.o)
 .rodata._puts_r.str1.4
                0x1001da9c        0x2 C:/Program Files (x86)/Arm GNU Toolchain arm-none-eabi/14.3 rel1/bin/../lib/gcc/arm-none-eabi/14.3.1/../../../../arm-none-eabi/lib/thumb/v7e-m+fp/softfp\libc.a(libc_a-puts.o)
 .rodata._svfprintf_r.str1.4
                0x1001da9c       0x42 C:/Program Files (x86)/Arm GNU Toolchain arm-none-eabi/14.3 rel1/bin/../lib/gcc/arm-none-eabi/14.3.1/../../../../arm-none-eabi/lib/thumb/v7e-m+fp/softfp\libc.a(libc_a-svfprintf.o)
 .rodata.zeroes.0